
Gurobi 13.0.1 (win64) logging started Sun Feb  8 20:46:05 2026

Set parameter LogFile to value "logs\case_26__hard__base.gurobi.log"
Gurobi Optimizer version 13.0.1 build v13.0.1rc0 (win64 - Windows 11+.0 (26200.2))

CPU model: 11th Gen Intel(R) Core(TM) i7-11370H @ 3.30GHz, instruction set [SSE2|AVX|AVX2|AVX512]
Thread count: 4 physical cores, 8 logical processors, using up to 8 threads

Non-default parameters:
TimeLimit  300
MIPGap  0.02

Optimize a model with 240438 rows, 177334 columns and 722296 nonzeros (Min)
Model fingerprint: 0xe5be92c0
Model has 169686 linear objective coefficients
Variable types: 354 continuous, 176980 integer (176980 binary)
Coefficient statistics:
  Matrix range     [4e-02, 2e+03]
  Objective range  [8e-01, 2e+07]
  Bounds range     [1e+00, 2e+03]
  RHS range        [1e+00, 6e+03]

Presolve removed 68525 rows and 58887 columns
Presolve time: 2.58s
Presolved: 171913 rows, 118447 columns, 545710 nonzeros
Variable types: 22 continuous, 118425 integer (118425 binary)
Found heuristic solution: objective 8.806257e+07
Deterministic concurrent LP optimizer: primal simplex, dual simplex, and barrier
Showing barrier log only...

Root barrier log...

Ordering time: 0.01s

Barrier statistics:
 Dense cols : 81
 AA' NZ     : 2.148e+04
 Factor NZ  : 5.072e+04 (roughly 2 MB of memory)
 Factor Ops : 2.424e+06 (less than 1 second per iteration)
 Threads    : 1

                  Objective                Residual
Iter       Primal          Dual         Primal    Dual     Compl     Time
   0   5.73606099e+10 -3.64124215e+11  3.92e+02 1.81e+06  2.95e+09     4s
   1   4.05561443e+10 -5.96977331e+11  2.28e+02 7.28e+06  1.52e+09     4s
   2   5.05044989e+09 -5.86672847e+11  2.63e+01 8.02e-02  2.37e+08     4s
   3   8.98594524e+08 -2.25778068e+11  2.86e+00 5.05e-03  4.61e+07     4s
   4   4.43142178e+08 -2.77442418e+10  2.58e-01 7.07e-04  4.66e+06     4s
   5   3.62495851e+08 -4.43456520e+09  6.99e-04 2.35e-04  7.44e+05     4s
   6   1.95958433e+08 -1.57211580e+09  4.07e-06 9.62e-05  2.74e+05     4s

Barrier performed 6 iterations in 3.53 seconds (4.54 work units)
Barrier solve interrupted - model solved by another algorithm

Concurrent spin time: 0.03s

Solved with primal simplex

Use crossover to convert LP symmetric solution to basic solution...
Crossover time: 0.13 seconds (0.07 work units)

Root relaxation: objective 5.011896e+06, 886 iterations, 0.51 seconds (0.48 work units)

    Nodes    |    Current Node    |     Objective Bounds      |     Work
 Expl Unexpl |  Obj  Depth IntInf | Incumbent    BestBd   Gap | It/Node Time

     0     0 5011896.00    0   79 8.8063e+07 5011896.00  94.3%     -   12s
H    0     0                    8.801190e+07 5011896.00  94.3%     -   13s
H    0     0                    4.701190e+07 5011896.00  89.3%     -   13s
H    0     0                    2.801190e+07 5011896.00  82.1%     -   13s
H    0     0                    2.401190e+07 5011896.00  79.1%     -   14s
H    0     0                    2.201190e+07 5011896.00  77.2%     -   14s
     0     0 2.0012e+07    0   69 2.2012e+07 2.0012e+07  9.09%     -   19s
     0     0 2.0012e+07    0   17 2.2012e+07 2.0012e+07  9.09%     -   19s
     0     0 2.0012e+07    0   18 2.2012e+07 2.0012e+07  9.09%     -   19s
     0     0 2.0012e+07    0   13 2.2012e+07 2.0012e+07  9.09%     -   19s
     0     0 2.2012e+07    0   19 2.2012e+07 2.2012e+07  0.00%     -   19s

Cutting planes:
  Learned: 4
  Gomory: 5
  Cover: 4
  Clique: 1
  MIR: 5
  Zero half: 4
  RLT: 8
  Relax-and-lift: 15
  BQP: 3

Explored 1 nodes (2485 simplex iterations) in 19.80 seconds (8.16 work units)
Thread count was 8 (of 8 available processors)

Solution count 9: 2.20119e+07 2.20119e+07 2.40119e+07 ... 8.80626e+07

Optimal solution found (tolerance 2.00e-02)
Best objective 2.201189600000e+07, best bound 2.201189600000e+07, gap 0.0000%
