
Gurobi 13.0.1 (win64) logging started Sun Feb  8 20:45:15 2026

Set parameter LogFile to value "logs\case_26__medium__base.gurobi.log"
Gurobi Optimizer version 13.0.1 build v13.0.1rc0 (win64 - Windows 11+.0 (26200.2))

CPU model: 11th Gen Intel(R) Core(TM) i7-11370H @ 3.30GHz, instruction set [SSE2|AVX|AVX2|AVX512]
Thread count: 4 physical cores, 8 logical processors, using up to 8 threads

Non-default parameters:
TimeLimit  300
MIPGap  0.02

Optimize a model with 240433 rows, 177329 columns and 722266 nonzeros (Min)
Model fingerprint: 0xdbb4d013
Model has 169681 linear objective coefficients
Variable types: 354 continuous, 176975 integer (176975 binary)
Coefficient statistics:
  Matrix range     [4e-02, 2e+03]
  Objective range  [8e-01, 1e+06]
  Bounds range     [1e+00, 2e+03]
  RHS range        [1e+00, 6e+03]

Presolve removed 68619 rows and 58907 columns
Presolve time: 2.72s
Presolved: 171814 rows, 118422 columns, 545429 nonzeros
Variable types: 22 continuous, 118400 integer (118400 binary)
Found heuristic solution: objective 2.201190e+07
Found heuristic solution: objective 2.001349e+07
Deterministic concurrent LP optimizer: primal simplex, dual simplex, and barrier
Showing barrier log only...

Root barrier log...


Barrier performed 0 iterations in 4.02 seconds (4.62 work units)
Barrier solve interrupted - model solved by another algorithm

Concurrent spin time: 0.00s

Solved with dual simplex

Use crossover to convert LP symmetric solution to basic solution...
Crossover time: 0.14 seconds (0.07 work units)

Root relaxation: objective 1.189600e+04, 78 iterations, 0.53 seconds (0.46 work units)

    Nodes    |    Current Node    |     Objective Bounds      |     Work
 Expl Unexpl |  Obj  Depth IntInf | Incumbent    BestBd   Gap | It/Node Time

     0     0 11896.0000    0   52 2.0013e+07 11896.0000   100%     -   10s
H    0     0                    2.001190e+07 11896.0000   100%     -   11s
H    0     0                    1.901190e+07 11896.0000   100%     -   11s
H    0     0                    1.801190e+07 11896.0000   100%     -   11s
H    0     0                    1.601190e+07 11896.0000   100%     -   11s
H    0     0                    9011896.0000 11896.0000   100%     -   11s
H    0     0                    8011896.0000 11896.0000   100%     -   11s
H    0     0                    7011896.0000 11896.0000   100%     -   12s
H    0     0                    5011896.0000 11896.0000   100%     -   12s
H    0     0                    4011896.0000 11896.0000   100%     -   15s
H    0     0                    3011896.0000 11896.0000   100%     -   16s
     0     0 11896.0000    0   57 3011896.00 11896.0000   100%     -   33s
     0     0 11896.0000    0   52 3011896.00 11896.0000   100%     -   33s
     0     0 11896.0000    0   85 3011896.00 11896.0000   100%     -   33s
     0     0 11896.0000    0   90 3011896.00 11896.0000   100%     -   33s
     0     0 11896.0000    0   75 3011896.00 11896.0000   100%     -   34s
     0     0 11896.0000    0   53 3011896.00 11896.0000   100%     -   34s
     0     0 11896.0000    0   73 3011896.00 11896.0000   100%     -   34s
     0     0 11896.0000    0   75 3011896.00 11896.0000   100%     -   34s
     0     0 11896.0000    0   60 3011896.00 11896.0000   100%     -   34s
     0     0 11896.0000    0   50 3011896.00 11896.0000   100%     -   34s
     0     0 11896.0000    0   68 3011896.00 11896.0000   100%     -   34s
     0     0 11896.0000    0   28 3011896.00 11896.0000   100%     -   34s
     0     0 11896.0000    0   59 3011896.00 11896.0000   100%     -   34s
     0     0 11896.0000    0   45 3011896.00 11896.0000   100%     -   34s
     0     0 11896.0000    0   45 3011896.00 11896.0000   100%     -   34s
     0     0 11896.0000    0   54 3011896.00 11896.0000   100%     -   34s
     0     0 11896.0000    0   79 3011896.00 11896.0000   100%     -   34s
     0     0 11896.0000    0   62 3011896.00 11896.0000   100%     -   35s
     0     0 11896.0000    0   62 3011896.00 11896.0000   100%     -   35s
     0     0 11896.0000    0   62 3011896.00 11896.0000   100%     -   35s
     0     2 11896.0000    0   37 3011896.00 11896.0000   100%     -   35s
*  171    64              14    2011896.0000 11896.0000  99.4%   111   35s

Cutting planes:
  Learned: 1
  Gomory: 1
  Cover: 1
  Clique: 1
  MIR: 24
  Zero half: 26
  RLT: 102
  Relax-and-lift: 7
  BQP: 153

Explored 321 nodes (43847 simplex iterations) in 36.41 seconds (12.82 work units)
Thread count was 8 (of 8 available processors)

Solution count 10: 2.0119e+06 3.0119e+06 4.0119e+06 ... 1.90119e+07

Optimal solution found (tolerance 2.00e-02)
Best objective 2.011896000000e+06, best bound 2.011896000000e+06, gap 0.0000%
