
Gurobi 13.0.1 (win64) logging started Sun Feb  8 20:46:34 2026

Set parameter LogFile to value "logs\scn_few-loose_seed1_P3_pl5__hard__base.gurobi.log"
Gurobi Optimizer version 13.0.1 build v13.0.1rc0 (win64 - Windows 11+.0 (26200.2))

CPU model: 11th Gen Intel(R) Core(TM) i7-11370H @ 3.30GHz, instruction set [SSE2|AVX|AVX2|AVX512]
Thread count: 4 physical cores, 8 logical processors, using up to 8 threads

Non-default parameters:
TimeLimit  300
MIPGap  0.02

Optimize a model with 14666 rows, 10566 columns and 47793 nonzeros (Min)
Model fingerprint: 0xd517628a
Model has 8887 linear objective coefficients
Variable types: 159 continuous, 10407 integer (10407 binary)
Coefficient statistics:
  Matrix range     [2e-01, 2e+02]
  Objective range  [8e-01, 2e+07]
  Bounds range     [1e+00, 6e+01]
  RHS range        [3e-03, 5e+02]

Presolve removed 5828 rows and 4797 columns
Presolve time: 0.19s
Presolved: 8838 rows, 5769 columns, 32905 nonzeros
Variable types: 13 continuous, 5756 integer (5756 binary)

Root relaxation: objective 3.959120e+02, 663 iterations, 0.04 seconds (0.02 work units)

    Nodes    |    Current Node    |     Objective Bounds      |     Work
 Expl Unexpl |  Obj  Depth IntInf | Incumbent    BestBd   Gap | It/Node Time

     0     0  395.91200    0    7          -  395.91200      -     -    0s
H    0     0                    2.000040e+07  395.91200   100%     -    0s
H    0     0                     408.6320000  395.91200  3.11%     -    0s
     0     0  395.91200    0   18  408.63200  395.91200  3.11%     -    0s
     0     0  395.91200    0   20  408.63200  395.91200  3.11%     -    0s
H    0     0                     404.4200000  395.91200  2.10%     -    0s
H    0     0                     402.7110000  395.91200  1.69%     -    0s

Explored 1 nodes (1339 simplex iterations) in 0.72 seconds (0.35 work units)
Thread count was 8 (of 8 available processors)

Solution count 5: 402.711 404.42 408.632 ... 2.00004e+07

Optimal solution found (tolerance 2.00e-02)
Best objective 4.027110000000e+02, best bound 3.959120000000e+02, gap 1.6883%
