
Gurobi 13.0.1 (win64) logging started Sun Feb  8 20:53:56 2026

Set parameter LogFile to value "logs\scn_many-medium_seed1_P5_pl20__soft__base.gurobi.log"
Gurobi Optimizer version 13.0.1 build v13.0.1rc0 (win64 - Windows 11+.0 (26200.2))

CPU model: 11th Gen Intel(R) Core(TM) i7-11370H @ 3.30GHz, instruction set [SSE2|AVX|AVX2|AVX512]
Thread count: 4 physical cores, 8 logical processors, using up to 8 threads

Non-default parameters:
TimeLimit  300
MIPGap  0.02

Optimize a model with 81182 rows, 54884 columns and 307512 nonzeros (Min)
Model fingerprint: 0x3764c4c7
Model has 36988 linear objective coefficients
Variable types: 519 continuous, 54365 integer (54365 binary)
Coefficient statistics:
  Matrix range     [5e-02, 2e+02]
  Objective range  [8e-01, 1e+06]
  Bounds range     [1e+00, 8e+01]
  RHS range        [1e+00, 6e+02]

Presolve removed 39089 rows and 28220 columns
Presolve time: 0.96s
Presolved: 42093 rows, 26664 columns, 156786 nonzeros
Variable types: 41 continuous, 26623 integer (26623 binary)
Deterministic concurrent LP optimizer: primal and dual simplex
Showing primal log only...

Concurrent spin time: 0.00s

Solved with dual simplex

Use crossover to convert LP symmetric solution to basic solution...
Crossover time: 0.05 seconds (0.02 work units)

Root relaxation: objective 1.804760e+03, 100 iterations, 0.21 seconds (0.15 work units)

    Nodes    |    Current Node    |     Objective Bounds      |     Work
 Expl Unexpl |  Obj  Depth IntInf | Incumbent    BestBd   Gap | It/Node Time

     0     0 1804.76000    0   71          - 1804.76000      -     -    2s
     0     0 1804.76000    0   78          - 1804.76000      -     -    2s
     0     0 1804.76000    0  100          - 1804.76000      -     -    3s
     0     0 1804.76000    0  119          - 1804.76000      -     -    3s
     0     0 1804.76000    0   97          - 1804.76000      -     -    4s
     0     0 1804.76000    0   99          - 1804.76000      -     -    4s
     0     0 1804.76000    0   56          - 1804.76000      -     -    5s
     0     0 1804.76000    0   50          - 1804.76000      -     -    5s
     0     0 1804.76000    0  114          - 1804.76000      -     -    5s
     0     0 1804.76000    0   52          - 1804.76000      -     -    6s
     0     0 1804.76000    0   53          - 1804.76000      -     -    6s
     0     0 1804.76000    0   82          - 1804.76000      -     -    6s
     0     0 1804.76000    0   82          - 1804.76000      -     -    8s
     0     0 1804.76000    0   88          - 1804.76000      -     -    8s
     0     0 1804.76000    0   97          - 1804.76000      -     -    9s
     0     0 1804.76000    0   40          - 1804.76000      -     -    9s
     0     0 1804.76000    0   38          - 1804.76000      -     -    9s
     0     0 1804.76000    0   77          - 1804.76000      -     -   10s
     0     0 1804.76000    0   56          - 1804.76000      -     -   10s
     0     0 1804.76000    0   83          - 1804.76000      -     -   11s
     0     0 1804.76000    0   95          - 1804.76000      -     -   11s
     0     0 1804.76000    0   37          - 1804.76000      -     -   12s
     0     0 1804.76000    0   70          - 1804.76000      -     -   12s
     0     0 1804.76000    0  100          - 1804.76000      -     -   12s
     0     0 1804.76000    0   36          - 1804.76000      -     -   13s
     0     0 1804.76000    0   36          - 1804.76000      -     -   13s
     0     0 1804.76000    0   36          - 1804.76000      -     -   13s
     0     2 1804.76000    0   27          - 1804.76000      -     -   14s
    87   172 1804.76000   14   85          - 1804.76000      -  35.8   15s
  1687   926 1804.76000   27   78          - 1804.76000      -  16.2   20s
  1701   937 1804.76000   34   41          - 1804.76000      -  17.3   25s
  1710   943 1804.76000   10   77          - 1804.76000      -  17.2   30s
  1744   987 1804.76000   35   41          - 1804.76000      -  32.2   35s
  2011  1161 1804.76000   46   49          - 1804.76000      -  32.8   40s
  2399  1282 1804.76000   75   41          - 1804.76000      -  31.6   45s
  2893  1361 1806.16800   86   30          - 1804.76000      -  29.7   51s
  3285  1440 1804.76000   76   61          - 1804.76000      -  28.9   56s
  3725  1444 infeasible   85               - 1804.76000      -  28.3   60s
  4023  1455 1804.76000   68   54          - 1804.76000      -  28.3   65s
  4298  1593 1806.14400   81   44          - 1804.76000      -  28.0   71s
  4837  1711 1805.69800   51   47          - 1804.76000      -  27.6   75s
  5188  1896 infeasible   86               - 1804.76000      -  27.5   83s
  5382  1940 1808.45100   48   46          - 1804.76000      -  27.6   85s
  5733  2186 1810.90400   84   32          - 1804.76000      -  27.5   90s
  6088  2354 1804.76000   60   77          - 1804.76000      -  27.6   95s
  6568  2588 infeasible   71               - 1804.76000      -  28.0  102s
  6818  2591 1804.76000   79   41          - 1804.76000      -  28.1  106s
  6889  2676 infeasible   84               - 1804.76000      -  28.2  111s
  7079  2741 1804.76000   76   54          - 1804.76000      -  28.4  115s
  7544  3000 1805.09400   74   49          - 1804.76000      -  28.5  121s
  7978  3174 1809.17400   80   36          - 1804.76000      -  28.4  127s
  8301  3276 infeasible   86               - 1804.76000      -  28.3  132s
  8603  3446 infeasible   68               - 1804.76000      -  28.4  135s
  9145  3637 infeasible   84               - 1804.76000      -  28.3  142s
  9496  3800 1806.53000   72   33          - 1804.76000      -  28.5  148s
  9893  3861 infeasible   78               - 1804.76000      -  28.5  151s
 10084  3985 1804.76000   68   46          - 1804.76000      -  28.5  155s
 10504  4179 1804.76000   71   48          - 1804.76000      -  28.5  161s
 10992  4359 infeasible   80               - 1804.76000      -  28.5  165s
 11682  4647 1805.24300   65   67          - 1804.76000      -  28.3  173s
 12048  4838 1807.35500   70   54          - 1804.76000      -  28.4  178s
 12435  5020 1805.69800   58   34          - 1804.76000      -  28.3  182s
 12897  5164 infeasible   77               - 1804.76000      -  28.3  186s
 13225  5301 infeasible   77               - 1804.76000      -  28.3  192s
 13670  5384 infeasible   75               - 1804.76000      -  28.3  196s
 13849  5588 1805.77800   75   61          - 1804.76000      -  28.3  200s
 14331  5738 infeasible   93               - 1804.76000      -  28.3  205s
 14779  5980 1804.76000   56   49          - 1804.76000      -  28.3  210s
 15210  6057 infeasible   59               - 1804.76000      -  28.4  217s
 15366  6137 infeasible   59               - 1804.76000      -  28.4  221s
 15582  6320 1811.29300   60   34          - 1804.76000      -  28.5  226s
 16033  6552 infeasible   63               - 1804.76000      -  28.6  233s
 16549  6706 1804.76000   44   52          - 1804.76000      -  28.4  238s
 16827  6968 1810.46400   63   22          - 1804.76000      -  28.3  243s
 17307  7201 1806.74500   64   35          - 1804.76000      -  28.3  248s
 17782  7290 infeasible   61               - 1804.76000      -  28.3  252s
 18052  7454 1806.16800   74   50          - 1804.76000      -  28.3  256s
 18504  7677 1809.06100   78   66          - 1804.76000      -  28.4  261s
 18943  7786 1809.41000   93   18          - 1804.76000      -  28.5  266s
 19246  7972 infeasible   69               - 1804.76000      -  28.5  270s
 19666  8201 1804.76000   41   65          - 1804.76000      -  28.7  275s
 20097  8320 1805.61500   52   51          - 1804.76000      -  28.7  280s
 20414  8549 1804.76000   57   56          - 1804.76000      -  28.7  285s

Cutting planes:
  RLT: 1
  Relax-and-lift: 1

Explored 20847 nodes (624733 simplex iterations) in 300.09 seconds (217.13 work units)
Thread count was 8 (of 8 available processors)

Solution count 0

Time limit reached
Best objective -, best bound 1.804760000000e+03, gap -
