
Gurobi 13.0.1 (win64) logging started Sun Feb  8 21:19:38 2026

Set parameter LogFile to value "logs\scn_many-medium_seed9_P5_pl20__medium__base.gurobi.log"
Gurobi Optimizer version 13.0.1 build v13.0.1rc0 (win64 - Windows 11+.0 (26200.2))

CPU model: 11th Gen Intel(R) Core(TM) i7-11370H @ 3.30GHz, instruction set [SSE2|AVX|AVX2|AVX512]
Thread count: 4 physical cores, 8 logical processors, using up to 8 threads

Non-default parameters:
TimeLimit  300
MIPGap  0.02

Optimize a model with 101647 rows, 62465 columns and 368699 nonzeros (Min)
Model fingerprint: 0x35f4bd10
Model has 42753 linear objective coefficients
Variable types: 543 continuous, 61922 integer (61922 binary)
Coefficient statistics:
  Matrix range     [5e-02, 2e+02]
  Objective range  [8e-01, 1e+06]
  Bounds range     [1e+00, 8e+01]
  RHS range        [8e-01, 6e+02]

Presolve removed 55224 rows and 32893 columns
Presolve time: 2.26s
Presolved: 46423 rows, 29572 columns, 171695 nonzeros
Variable types: 43 continuous, 29529 integer (29529 binary)
Deterministic concurrent LP optimizer: primal and dual simplex
Showing primal log only...

Concurrent spin time: 0.00s

Solved with dual simplex

Use crossover to convert LP symmetric solution to basic solution...
Crossover time: 0.08 seconds (0.02 work units)

Root relaxation: objective 1.865380e+03, 75 iterations, 0.36 seconds (0.19 work units)

    Nodes    |    Current Node    |     Objective Bounds      |     Work
 Expl Unexpl |  Obj  Depth IntInf | Incumbent    BestBd   Gap | It/Node Time

     0     0 1865.38000    0   85          - 1865.38000      -     -    4s
     0     0 1865.38000    0   85          - 1865.38000      -     -    4s
     0     0 1865.38000    0   87          - 1865.38000      -     -    5s
     0     0 1865.38000    0  131          - 1865.38000      -     -    6s
     0     0 1865.38000    0  122          - 1865.38000      -     -    6s
     0     0 1865.38000    0  140          - 1865.38000      -     -    8s
     0     0 1865.38000    0   64          - 1865.38000      -     -    9s
     0     0 1865.38000    0   77          - 1865.38000      -     -   10s
     0     0 1865.38000    0  106          - 1865.38000      -     -   11s
     0     0 1865.38000    0  106          - 1865.38000      -     -   12s
     0     0 1865.38000    0   89          - 1865.38000      -     -   12s
     0     0 1865.38000    0  124          - 1865.38000      -     -   13s
     0     0 1865.38000    0   81          - 1865.38000      -     -   14s
     0     0 1865.38000    0  124          - 1865.38000      -     -   15s
     0     0 1865.38000    0   87          - 1865.38000      -     -   15s
     0     0 1865.38000    0   87          - 1865.38000      -     -   16s
     0     0 1865.38000    0  132          - 1865.38000      -     -   17s
     0     0 1865.38000    0  116          - 1865.38000      -     -   18s
     0     0 1865.38000    0   88          - 1865.38000      -     -   19s
     0     0 1865.38000    0   98          - 1865.38000      -     -   19s
     0     0 1865.38000    0  124          - 1865.38000      -     -   20s
     0     0 1865.38000    0  103          - 1865.38000      -     -   20s
     0     0 1865.38000    0  103          - 1865.38000      -     -   20s
     0     0 1865.38000    0   82          - 1865.38000      -     -   21s
     0     2 1865.38000    0   82          - 1865.38000      -     -   22s
    65    74 3751865.38   11   89          - 1865.38000      -   321   25s
   242   206 1001865.38   13   77          - 1865.38000      -   226   30s
   449   360 1251865.38    9   98          - 1865.38000      -   168   35s
   753   554 5501865.38   26   75          - 1865.38000      -   147   40s
   820   621 9501865.38   32   77          - 1865.38000      -   156   48s
   835   636 1.2502e+07   32   98          - 1865.38000      -   156   51s
   874   679 9001865.38   33   80          - 1865.38000      -   153   55s
   971   759 1.1502e+07   33   82          - 1865.38000      -   147   60s
  1106   920 1.1502e+07   34   75          - 1865.38000      -   154   66s
