
Gurobi 13.0.1 (win64) logging started Sun Feb  8 20:48:50 2026

Set parameter LogFile to value "logs\scn_many-medium_seed1_P5_pl20__soft12__base.gurobi.log"
Gurobi Optimizer version 13.0.1 build v13.0.1rc0 (win64 - Windows 11+.0 (26200.2))

CPU model: 11th Gen Intel(R) Core(TM) i7-11370H @ 3.30GHz, instruction set [SSE2|AVX|AVX2|AVX512]
Thread count: 4 physical cores, 8 logical processors, using up to 8 threads

Non-default parameters:
TimeLimit  300
MIPGap  0.02

Optimize a model with 81176 rows, 54872 columns and 307476 nonzeros (Min)
Model fingerprint: 0x23902524
Model has 36982 linear objective coefficients
Variable types: 507 continuous, 54365 integer (54365 binary)
Coefficient statistics:
  Matrix range     [5e-02, 2e+02]
  Objective range  [8e-01, 1e+00]
  Bounds range     [1e+00, 8e+01]
  RHS range        [1e+00, 6e+02]

Presolve removed 39083 rows and 28208 columns
Presolve time: 0.76s
Presolved: 42093 rows, 26664 columns, 156786 nonzeros
Variable types: 41 continuous, 26623 integer (26623 binary)
Deterministic concurrent LP optimizer: primal and dual simplex
Showing primal log only...

Concurrent spin time: 0.00s

Solved with dual simplex

Use crossover to convert LP symmetric solution to basic solution...
Crossover time: 0.04 seconds (0.02 work units)

Root relaxation: objective 1.804760e+03, 100 iterations, 0.22 seconds (0.15 work units)

    Nodes    |    Current Node    |     Objective Bounds      |     Work
 Expl Unexpl |  Obj  Depth IntInf | Incumbent    BestBd   Gap | It/Node Time

     0     0 1804.76000    0   71          - 1804.76000      -     -    1s
     0     0 1804.76000    0   78          - 1804.76000      -     -    2s
     0     0 1804.76000    0  100          - 1804.76000      -     -    2s
     0     0 1804.76000    0  119          - 1804.76000      -     -    2s
     0     0 1804.76000    0   97          - 1804.76000      -     -    2s
     0     0 1804.76000    0   99          - 1804.76000      -     -    3s
     0     0 1804.76000    0   56          - 1804.76000      -     -    3s
     0     0 1804.76000    0   50          - 1804.76000      -     -    4s
     0     0 1804.76000    0  114          - 1804.76000      -     -    4s
     0     0 1804.76000    0   52          - 1804.76000      -     -    5s
     0     0 1804.76000    0   53          - 1804.76000      -     -    5s
     0     0 1804.76000    0   82          - 1804.76000      -     -    6s
     0     0 1804.76000    0   82          - 1804.76000      -     -    6s
     0     0 1804.76000    0   88          - 1804.76000      -     -    7s
     0     0 1804.76000    0   97          - 1804.76000      -     -    7s
     0     0 1804.76000    0   40          - 1804.76000      -     -    7s
     0     0 1804.76000    0   38          - 1804.76000      -     -    7s
     0     0 1804.76000    0   77          - 1804.76000      -     -    8s
     0     0 1804.76000    0   56          - 1804.76000      -     -    8s
     0     0 1804.76000    0   83          - 1804.76000      -     -    9s
     0     0 1804.76000    0   95          - 1804.76000      -     -    9s
     0     0 1804.76000    0   37          - 1804.76000      -     -   10s
     0     0 1804.76000    0   70          - 1804.76000      -     -   10s
     0     0 1804.76000    0  100          - 1804.76000      -     -   10s
     0     0 1804.76000    0   36          - 1804.76000      -     -   10s
     0     0 1804.76000    0   36          - 1804.76000      -     -   11s
     0     0 1804.76000    0   36          - 1804.76000      -     -   11s
     0     2 1804.76000    0   27          - 1804.76000      -     -   12s
   235   323 1804.76000    5   41          - 1804.76000      -  23.4   15s
  1689   927 1805.69800   44   73          - 1804.76000      -  16.2   20s
  1702   937 1804.76000   40   46          - 1804.76000      -  17.3   25s
  1711   943 1804.76000   16   34          - 1804.76000      -  17.2   30s
  1810  1076 1804.76000   42   63          - 1804.76000      -  32.5   35s
  2182  1233 1804.76000   67   42          - 1804.76000      -  32.5   41s
  2648  1346 1804.76000   69   54          - 1804.76000      -  30.7   47s
  2893  1361 1806.16800   86   30          - 1804.76000      -  29.7   50s
  3285  1440 1804.76000   76   61          - 1804.76000      -  28.9   55s
  3725  1444 infeasible   85               - 1804.76000      -  28.3   60s
  4023  1455 1804.76000   68   54          - 1804.76000      -  28.3   65s
  4298  1593 1806.14400   81   44          - 1804.76000      -  28.0   71s
  4837  1711 1805.69800   51   47          - 1804.76000      -  27.6   76s
  5076  1802 infeasible   62               - 1804.76000      -  27.6   80s
  5382  1940 1808.45100   48   46          - 1804.76000      -  27.6   86s
  5516  2065 1804.76000   68   53          - 1804.76000      -  27.7   90s
  5992  2236 1804.76000   59   82          - 1804.76000      -  27.5   95s
  6321  2467 infeasible   82               - 1804.76000      -  27.9  101s
  6568  2588 infeasible   71               - 1804.76000      -  28.0  105s
  6818  2591 1804.76000   79   41          - 1804.76000      -  28.1  110s
  6889  2676 infeasible   84               - 1804.76000      -  28.2  115s
  7260  2877 1805.72300   78   45          - 1804.76000      -  28.6  121s
  7863  3045 1804.76000   74   46          - 1804.76000      -  28.4  127s
  7978  3174 1809.17400   80   36          - 1804.76000      -  28.4  131s
  8301  3276 infeasible   86               - 1804.76000      -  28.3  135s
  8953  3516 1810.43000   85   19          - 1804.76000      -  28.4  141s
  9496  3800 1806.53000   72   33          - 1804.76000      -  28.5  150s
 10084  3985 1804.76000   68   46          - 1804.76000      -  28.5  158s
 10504  4179 1804.76000   71   48          - 1804.76000      -  28.5  162s
 10992  4359 infeasible   80               - 1804.76000      -  28.5  167s
 11374  4505 1805.77800   79   61          - 1804.76000      -  28.4  170s
 11682  4647 1805.24300   65   67          - 1804.76000      -  28.3  175s
 12048  4838 1807.35500   70   54          - 1804.76000      -  28.4  180s
 12435  5020 1805.69800   58   34          - 1804.76000      -  28.3  185s
 13225  5301 infeasible   77               - 1804.76000      -  28.3  194s
 13670  5384 infeasible   75               - 1804.76000      -  28.3  198s
 13849  5588 1805.77800   75   61          - 1804.76000      -  28.3  203s
 14331  5738 infeasible   93               - 1804.76000      -  28.3  207s
 14779  5980 1804.76000   56   49          - 1804.76000      -  28.3  212s
 15205  5983 1806.10100   58   48          - 1804.76000      -  28.4  215s
 15366  6137 infeasible   59               - 1804.76000      -  28.4  223s
 15582  6320 1811.29300   60   34          - 1804.76000      -  28.5  228s
 16033  6552 infeasible   63               - 1804.76000      -  28.6  233s
 16549  6706 1804.76000   44   52          - 1804.76000      -  28.4  236s
 16827  6968 1810.46400   63   22          - 1804.76000      -  28.3  241s
 17307  7201 1806.74500   64   35          - 1804.76000      -  28.3  246s
 18052  7454 1806.16800   74   50          - 1804.76000      -  28.3  254s
 18504  7677 1809.06100   78   66          - 1804.76000      -  28.4  259s
 18943  7786 1809.41000   93   18          - 1804.76000      -  28.5  264s
 19246  7972 infeasible   69               - 1804.76000      -  28.5  269s
 19666  8201 1804.76000   41   65          - 1804.76000      -  28.7  273s
 20097  8320 1805.61500   52   51          - 1804.76000      -  28.7  278s
 20414  8549 1804.76000   57   56          - 1804.76000      -  28.7  282s

Cutting planes:
  RLT: 1
  Relax-and-lift: 1

Explored 20847 nodes (624733 simplex iterations) in 300.10 seconds (219.32 work units)
Thread count was 8 (of 8 available processors)

Solution count 0

Time limit reached
Best objective -, best bound 1.804760000000e+03, gap -
