
Gurobi 13.0.1 (win64) logging started Sun Feb  8 21:14:26 2026

Set parameter LogFile to value "logs\scn_many-medium_seed9_P5_pl20__soft__base.gurobi.log"
Gurobi Optimizer version 13.0.1 build v13.0.1rc0 (win64 - Windows 11+.0 (26200.2))

CPU model: 11th Gen Intel(R) Core(TM) i7-11370H @ 3.30GHz, instruction set [SSE2|AVX|AVX2|AVX512]
Thread count: 4 physical cores, 8 logical processors, using up to 8 threads

Non-default parameters:
TimeLimit  300
MIPGap  0.02

Optimize a model with 87287 rows, 58875 columns and 332799 nonzeros (Min)
Model fingerprint: 0xe1ce6dc5
Model has 39163 linear objective coefficients
Variable types: 543 continuous, 58332 integer (58332 binary)
Coefficient statistics:
  Matrix range     [5e-02, 2e+02]
  Objective range  [8e-01, 1e+06]
  Bounds range     [1e+00, 8e+01]
  RHS range        [8e-01, 6e+02]

Presolve removed 43499 rows and 31188 columns
Presolve time: 0.95s
Presolved: 43788 rows, 27687 columns, 164310 nonzeros
Variable types: 43 continuous, 27644 integer (27644 binary)
Deterministic concurrent LP optimizer: primal and dual simplex
Showing primal log only...

Concurrent spin time: 0.00s

Solved with dual simplex

Use crossover to convert LP symmetric solution to basic solution...
Crossover time: 0.05 seconds (0.02 work units)

Root relaxation: objective 1.865380e+03, 82 iterations, 0.22 seconds (0.15 work units)

    Nodes    |    Current Node    |     Objective Bounds      |     Work
 Expl Unexpl |  Obj  Depth IntInf | Incumbent    BestBd   Gap | It/Node Time

     0     0 1865.38000    0   66          - 1865.38000      -     -    2s
     0     0 1865.38000    0   58          - 1865.38000      -     -    2s
     0     0 1865.38000    0   99          - 1865.38000      -     -    3s
     0     0 1865.38000    0  113          - 1865.38000      -     -    3s
     0     0 1865.38000    0   75          - 1865.38000      -     -    4s
     0     0 1865.38000    0  108          - 1865.38000      -     -    4s
     0     0 1865.38000    0   47          - 1865.38000      -     -    5s
     0     0 1865.38000    0   39          - 1865.38000      -     -    5s
     0     0 1865.38000    0   84          - 1865.38000      -     -    5s
     0     0 1865.38000    0   49          - 1865.38000      -     -    6s
     0     0 1865.38000    0   48          - 1865.38000      -     -    6s
     0     0 1865.38000    0   86          - 1865.38000      -     -    7s
     0     0 1865.38000    0   47          - 1865.38000      -     -    7s
     0     0 1865.38000    0   51          - 1865.38000      -     -    8s
     0     0 1865.38000    0   88          - 1865.38000      -     -    8s
     0     0 1865.38000    0   35          - 1865.38000      -     -    9s
     0     0 1865.38000    0   65          - 1865.38000      -     -   10s
     0     0 1865.38000    0   98          - 1865.38000      -     -   10s
     0     0 1865.38000    0   48          - 1865.38000      -     -   11s
     0     0 1865.38000    0   63          - 1865.38000      -     -   11s
     0     0 1865.38000    0   81          - 1865.38000      -     -   11s
     0     0 1865.38000    0   55          - 1865.38000      -     -   12s
     0     0 1865.38000    0   77          - 1865.38000      -     -   12s
     0     0 1865.38000    0   96          - 1865.38000      -     -   12s
     0     0 1865.38000    0   44          - 1865.38000      -     -   13s
     0     0 1865.38000    0   44          - 1865.38000      -     -   13s
     0     0 1865.38000    0   44          - 1865.38000      -     -   13s
     0     2 1865.38000    0   44          - 1865.38000      -     -   14s
    11    37 1865.38000    4   76          - 1865.38000      -   113   15s
  2072   765 1865.38000   53   58          - 1865.38000      -  10.6   20s
  2087   776 1865.38000    7   81          - 1865.38000      -  11.4   25s
  2096   782 1866.05000   70   40          - 1865.38000      -  11.4   30s
  2102   786 1865.38000   23   34          - 1865.38000      -  11.3   35s
  2320   975 1865.38000   34   40          - 1865.38000      -  23.1   41s
  2431  1071 1865.38000   49   53          - 1865.38000      -  23.7   49s
  2616  1105 infeasible   63               - 1865.38000      -  24.4   53s
  2828  1174 1865.38000   57   63          - 1865.38000      -  25.0   57s
  3076  1201 infeasible   63               - 1865.38000      -  25.0   62s
  3287  1229 1865.38000   53   64          - 1865.38000      -  25.4   66s
  3754  1220 1866.18200   79   65          - 1865.38000      -  25.8   71s
  3797  1293 1871.33500   71   42          - 1865.38000      -  25.9   75s
  4138  1363 infeasible   70               - 1865.38000      -  26.2   82s
  4298  1429 infeasible   79               - 1865.38000      -  26.1   85s
  4717  1517 1866.10900   63   86          - 1865.38000      -  25.9   90s
  5093  1676 1865.38000   64   60          - 1865.38000      -  26.4   97s
  5269  1828 1866.39000   92   34          - 1865.38000      -  26.7  102s
  5503  1977 1865.38000   87   68          - 1865.38000      -  26.8  106s
  6059  2111 infeasible   76               - 1865.38000      -  26.7  111s
  6097  2210 1868.39000   69   67          - 1865.38000      -  26.7  116s
  6277  2334 1865.38000   68   60          - 1865.38000      -  26.5  120s
  6667  2537 1866.38900   83   40          - 1865.38000      -  26.6  128s
  6914  2666 1871.77400   93   38          - 1865.38000      -  26.7  132s
  7175  2697 1866.05000   43   55          - 1865.38000      -  26.8  137s
  7208  2859 1866.05000   45   45          - 1865.38000      -  26.7  141s
  7756  3144 infeasible   93               - 1865.38000      -  26.6  149s
  8069  3307 infeasible  102               - 1865.38000      -  26.7  153s
  8392  3501 infeasible   85               - 1865.38000      -  26.7  157s
  8720  3708 1865.38000   73   80          - 1865.38000      -  26.6  162s
  9045  3856 1865.38000   79   47          - 1865.38000      -  26.5  168s
  9327  3974 1866.63500   84   56          - 1865.38000      -  26.6  173s
  9637  4169 1865.38000   66   55          - 1865.38000      -  26.4  179s
 10000  4329 infeasible   85               - 1865.38000      -  26.3  185s
 10282  4532 1865.38000   59   92          - 1865.38000      -  26.4  192s
 10713  4610 1865.38000   78   65          - 1865.38000      -  26.4  198s
 10849  4829 1866.18200   78   70          - 1865.38000      -  26.4  205s
 11310  5002 1865.38000   69   64          - 1865.38000      -  26.3  212s
 11743  5183 1868.36000   83   30          - 1865.38000      -  26.4  219s
 12196  5260 1872.13500   77   47          - 1865.38000      -  26.3  224s
 12423  5266 1866.10900   62   77          - 1865.38000      -  26.4  227s
 12435  5421 1866.10900   64   75          - 1865.38000      -  26.4  234s
 12767  5569 1871.37600   93   51          - 1865.38000      -  26.3  241s
 13259  5717 1869.33300   89   38          - 1865.38000      -  26.3  248s
 13771  5845 infeasible   88               - 1865.38000      -  26.2  255s
 14101  6011 1868.80400   92   27          - 1865.38000      -  26.2  260s
 14545  6194 1867.86900   70   58          - 1865.38000      -  26.2  266s
 14964  6322 1871.20200   77   52          - 1865.38000      -  26.1  271s
 15266  6508 infeasible   98               - 1865.38000      -  26.1  277s
 15730  6659 1867.65700   80   44          - 1865.38000      -  26.1  283s
 16230  6766 1872.72800   93   36          - 1865.38000      -  26.1  289s
 16627  6930 1869.49300   84   43          - 1865.38000      -  26.2  294s
 16981  7087 1868.20000   88   33          - 1865.38000      -  26.2  300s

Cutting planes:
  Flow cover: 1

Explored 17382 nodes (481609 simplex iterations) in 300.08 seconds (179.34 work units)
Thread count was 8 (of 8 available processors)

Solution count 0

Time limit reached
Best objective -, best bound 1.865380000000e+03, gap -
