
Gurobi 13.0.1 (win64) logging started Sun Feb  8 21:09:17 2026

Set parameter LogFile to value "logs\scn_many-medium_seed9_P5_pl20__soft12__base.gurobi.log"
Gurobi Optimizer version 13.0.1 build v13.0.1rc0 (win64 - Windows 11+.0 (26200.2))

CPU model: 11th Gen Intel(R) Core(TM) i7-11370H @ 3.30GHz, instruction set [SSE2|AVX|AVX2|AVX512]
Thread count: 4 physical cores, 8 logical processors, using up to 8 threads

Non-default parameters:
TimeLimit  300
MIPGap  0.02

Optimize a model with 87281 rows, 58863 columns and 332763 nonzeros (Min)
Model fingerprint: 0xdbf6c11e
Model has 39157 linear objective coefficients
Variable types: 531 continuous, 58332 integer (58332 binary)
Coefficient statistics:
  Matrix range     [5e-02, 2e+02]
  Objective range  [8e-01, 1e+00]
  Bounds range     [1e+00, 8e+01]
  RHS range        [8e-01, 6e+02]

Presolve removed 43493 rows and 31176 columns
Presolve time: 0.93s
Presolved: 43788 rows, 27687 columns, 164310 nonzeros
Variable types: 43 continuous, 27644 integer (27644 binary)
Deterministic concurrent LP optimizer: primal and dual simplex
Showing primal log only...

Concurrent spin time: 0.00s

Solved with dual simplex

Use crossover to convert LP symmetric solution to basic solution...
Crossover time: 0.07 seconds (0.02 work units)

Root relaxation: objective 1.865380e+03, 82 iterations, 0.22 seconds (0.15 work units)

    Nodes    |    Current Node    |     Objective Bounds      |     Work
 Expl Unexpl |  Obj  Depth IntInf | Incumbent    BestBd   Gap | It/Node Time

     0     0 1865.38000    0   66          - 1865.38000      -     -    2s
     0     0 1865.38000    0   58          - 1865.38000      -     -    3s
     0     0 1865.38000    0   99          - 1865.38000      -     -    4s
     0     0 1865.38000    0  113          - 1865.38000      -     -    4s
     0     0 1865.38000    0   75          - 1865.38000      -     -    5s
     0     0 1865.38000    0  108          - 1865.38000      -     -    5s
     0     0 1865.38000    0   47          - 1865.38000      -     -    6s
     0     0 1865.38000    0   39          - 1865.38000      -     -    6s
     0     0 1865.38000    0   84          - 1865.38000      -     -    6s
     0     0 1865.38000    0   49          - 1865.38000      -     -    7s
     0     0 1865.38000    0   48          - 1865.38000      -     -    7s
     0     0 1865.38000    0   86          - 1865.38000      -     -    8s
     0     0 1865.38000    0   47          - 1865.38000      -     -    8s
     0     0 1865.38000    0   51          - 1865.38000      -     -    9s
     0     0 1865.38000    0   88          - 1865.38000      -     -    9s
     0     0 1865.38000    0   35          - 1865.38000      -     -   10s
     0     0 1865.38000    0   65          - 1865.38000      -     -   10s
     0     0 1865.38000    0   98          - 1865.38000      -     -   11s
     0     0 1865.38000    0   48          - 1865.38000      -     -   12s
     0     0 1865.38000    0   63          - 1865.38000      -     -   12s
     0     0 1865.38000    0   81          - 1865.38000      -     -   12s
     0     0 1865.38000    0   55          - 1865.38000      -     -   12s
     0     0 1865.38000    0   77          - 1865.38000      -     -   13s
     0     0 1865.38000    0   96          - 1865.38000      -     -   13s
     0     0 1865.38000    0   44          - 1865.38000      -     -   13s
     0     0 1865.38000    0   44          - 1865.38000      -     -   13s
     0     0 1865.38000    0   44          - 1865.38000      -     -   14s
     0     2 1865.38000    0   44          - 1865.38000      -     -   15s
  2072   765 1865.38000   53   58          - 1865.38000      -  10.6   20s
  2086   776 1865.38000    6   80          - 1865.38000      -  11.4   25s
  2095   782 1868.04600   72   43          - 1865.38000      -  11.4   30s
  2163   839 1865.38000   32   39          - 1865.38000      -  22.5   35s
  2431  1071 1865.38000   49   53          - 1865.38000      -  23.7   42s
  2616  1105 infeasible   63               - 1865.38000      -  24.4   45s
  3076  1201 infeasible   63               - 1865.38000      -  25.0   52s
  3287  1229 1865.38000   53   64          - 1865.38000      -  25.4   55s
  3754  1220 1866.18200   79   65          - 1865.38000      -  25.8   61s
  3797  1293 1871.33500   71   42          - 1865.38000      -  25.9   65s
  4138  1363 infeasible   70               - 1865.38000      -  26.2   71s
  4554  1456 1867.00400   75   31          - 1865.38000      -  26.0   78s
  4717  1517 1866.10900   63   86          - 1865.38000      -  25.9   81s
  5093  1676 1865.38000   64   60          - 1865.38000      -  26.4   86s
  5191  1728 infeasible   88               - 1865.38000      -  26.6   90s
  5503  1977 1865.38000   87   68          - 1865.38000      -  26.8   97s
  5784  2108 1866.42500   75   53          - 1865.38000      -  26.9  100s
  6064  2132 1865.56800   77   41          - 1865.38000      -  26.7  105s
  6277  2334 1865.38000   68   60          - 1865.38000      -  26.5  111s
  6667  2537 1866.38900   83   40          - 1865.38000      -  26.6  117s
  6914  2666 1871.77400   93   38          - 1865.38000      -  26.7  120s
  7208  2859 1866.05000   45   45          - 1865.38000      -  26.7  126s
  7756  3144 infeasible   93               - 1865.38000      -  26.6  132s
  8069  3307 infeasible  102               - 1865.38000      -  26.7  135s
  8720  3708 1865.38000   73   80          - 1865.38000      -  26.6  142s
  9045  3856 1865.38000   79   47          - 1865.38000      -  26.5  146s
  9637  4169 1865.38000   66   55          - 1865.38000      -  26.4  154s
 10000  4329 infeasible   85               - 1865.38000      -  26.3  157s
 10282  4532 1865.38000   59   92          - 1865.38000      -  26.4  162s
 10713  4610 1865.38000   78   65          - 1865.38000      -  26.4  165s
 10849  4829 1866.18200   78   70          - 1865.38000      -  26.4  170s
 11743  5183 1868.36000   83   30          - 1865.38000      -  26.4  179s
 12196  5260 1872.13500   77   47          - 1865.38000      -  26.3  183s
 12423  5266 1866.10900   62   77          - 1865.38000      -  26.4  187s
 12435  5421 1866.10900   64   75          - 1865.38000      -  26.4  191s
 12767  5569 1871.37600   93   51          - 1865.38000      -  26.3  196s
 13259  5717 1869.33300   89   38          - 1865.38000      -  26.3  203s
 13771  5845 infeasible   88               - 1865.38000      -  26.2  209s
 14101  6011 1868.80400   92   27          - 1865.38000      -  26.2  213s
 14545  6194 1867.86900   70   58          - 1865.38000      -  26.2  218s
 14964  6322 1871.20200   77   52          - 1865.38000      -  26.1  222s
 15266  6508 infeasible   98               - 1865.38000      -  26.1  226s
 15730  6659 1867.65700   80   44          - 1865.38000      -  26.1  231s
 16230  6766 1872.72800   93   36          - 1865.38000      -  26.1  236s
 16627  6930 1869.49300   84   43          - 1865.38000      -  26.2  240s
 16981  7132 1868.20000   88   33          - 1865.38000      -  26.2  245s
 17479  7252 1872.17100   91   63          - 1865.38000      -  26.2  250s
 17847  7380 infeasible   90               - 1865.38000      -  26.2  255s
 18662  7628 1868.85300   86   32          - 1865.38000      -  26.2  264s
 19109  7765 1865.38000   76   54          - 1865.38000      -  26.3  269s
 19536  7869 infeasible   82               - 1865.38000      -  26.3  273s
 19866  8013 1865.38000   67   57          - 1865.38000      -  26.4  277s
 20216  8013 infeasible   89               - 1865.38000      -  26.3  283s
 20224  8044 1875.86200   90   42          - 1865.38000      -  26.3  287s
 20347  8200 infeasible   79               - 1865.38000      -  26.4  292s

Cutting planes:
  Flow cover: 1

Explored 20781 nodes (575847 simplex iterations) in 300.34 seconds (221.95 work units)
Thread count was 8 (of 8 available processors)

Solution count 0

Time limit reached
Best objective -, best bound 1.865380000000e+03, gap -
