
Gurobi 13.0.1 (win64) logging started Sun Feb  8 20:48:01 2026

Set parameter LogFile to value "logs\scn_heavy-tight_seed8_P4_pl30__medium__base.gurobi.log"
Gurobi Optimizer version 13.0.1 build v13.0.1rc0 (win64 - Windows 11+.0 (26200.2))

CPU model: 11th Gen Intel(R) Core(TM) i7-11370H @ 3.30GHz, instruction set [SSE2|AVX|AVX2|AVX512]
Thread count: 4 physical cores, 8 logical processors, using up to 8 threads

Non-default parameters:
TimeLimit  300
MIPGap  0.02

Optimize a model with 442022 rows, 271125 columns and 1620755 nonzeros (Min)
Model fingerprint: 0x6abb0552
Model has 183382 linear objective coefficients
Variable types: 1123 continuous, 270002 integer (270002 binary)
Coefficient statistics:
  Matrix range     [3e-02, 3e+02]
  Objective range  [8e-01, 1e+06]
  Bounds range     [1e+00, 2e+02]
  RHS range        [1e+00, 1e+03]

Presolve removed 322927 rows and 187765 columns (presolve time = 5s)...
Presolve removed 322992 rows and 187781 columns
Presolve time: 5.57s
Presolved: 119030 rows, 83344 columns, 443347 nonzeros
Variable types: 85 continuous, 83259 integer (83259 binary)
Deterministic concurrent LP optimizer: primal and dual simplex
Showing primal log only...


Root simplex log...

Iteration    Objective       Primal Inf.    Dual Inf.      Time
       0    1.9901700e+02   9.350000e+01   5.205000e+08      6s
Concurrent spin time: 0.00s

Solved with dual simplex
Deterministic concurrent LP optimizer: primal and dual simplex
Showing primal log only...


Root simplex log...

Iteration    Objective       Primal Inf.    Dual Inf.      Time
       0    1.9901700e+02   8.300000e+01   4.150000e+08      6s
Concurrent spin time: 0.02s

Solved with primal simplex

Root relaxation: infeasible, 1320 iterations, 0.68 seconds (0.50 work units)

    Nodes    |    Current Node    |     Objective Bounds      |     Work
 Expl Unexpl |  Obj  Depth IntInf | Incumbent    BestBd   Gap | It/Node Time

     0     0 infeasible    0               - infeasible      -     -    6s

Explored 1 nodes (1737 simplex iterations) in 6.65 seconds (5.71 work units)
Thread count was 8 (of 8 available processors)

Solution count 0

Model is infeasible
Best objective -, best bound -, gap -
