
Gurobi 13.0.1 (win64) logging started Sun Feb  8 20:47:30 2026

Set parameter LogFile to value "logs\scn_heavy-tight_seed8_P4_pl30__soft__base.gurobi.log"
Gurobi Optimizer version 13.0.1 build v13.0.1rc0 (win64 - Windows 11+.0 (26200.2))

CPU model: 11th Gen Intel(R) Core(TM) i7-11370H @ 3.30GHz, instruction set [SSE2|AVX|AVX2|AVX512]
Thread count: 4 physical cores, 8 logical processors, using up to 8 threads

Non-default parameters:
TimeLimit  300
MIPGap  0.02

Optimize a model with 373122 rows, 253900 columns and 1448505 nonzeros (Min)
Model fingerprint: 0x2cf371b9
Model has 166157 linear objective coefficients
Variable types: 1123 continuous, 252777 integer (252777 binary)
Coefficient statistics:
  Matrix range     [3e-02, 3e+02]
  Objective range  [8e-01, 1e+06]
  Bounds range     [1e+00, 2e+02]
  RHS range        [1e+00, 1e+03]

Presolve removed 263292 rows and 179141 columns
Presolve time: 2.74s
Presolved: 109830 rows, 74759 columns, 416362 nonzeros
Variable types: 85 continuous, 74674 integer (74674 binary)
Deterministic concurrent LP optimizer: primal and dual simplex
Showing primal log only...

Concurrent spin time: 0.00s

Solved with dual simplex
Deterministic concurrent LP optimizer: primal and dual simplex
Showing primal log only...

Concurrent spin time: 0.02s

Solved with primal simplex

Root relaxation: infeasible, 1710 iterations, 0.63 seconds (0.43 work units)

    Nodes    |    Current Node    |     Objective Bounds      |     Work
 Expl Unexpl |  Obj  Depth IntInf | Incumbent    BestBd   Gap | It/Node Time

     0     0 infeasible    0               - infeasible      -     -    4s

Explored 1 nodes (1737 simplex iterations) in 4.24 seconds (4.44 work units)
Thread count was 8 (of 8 available processors)

Solution count 0

Model is infeasible
Best objective -, best bound -, gap -
