
Gurobi 13.0.1 (win64) logging started Sun Feb  8 21:04:10 2026

Set parameter LogFile to value "logs\scn_many-medium_seed1_P5_pl20__hard__base.gurobi.log"
Gurobi Optimizer version 13.0.1 build v13.0.1rc0 (win64 - Windows 11+.0 (26200.2))

CPU model: 11th Gen Intel(R) Core(TM) i7-11370H @ 3.30GHz, instruction set [SSE2|AVX|AVX2|AVX512]
Thread count: 4 physical cores, 8 logical processors, using up to 8 threads

Non-default parameters:
TimeLimit  300
MIPGap  0.02

Optimize a model with 94347 rows, 58179 columns and 340447 nonzeros (Min)
Model fingerprint: 0xbb3908af
Model has 40283 linear objective coefficients
Variable types: 519 continuous, 57660 integer (57660 binary)
Coefficient statistics:
  Matrix range     [5e-02, 2e+02]
  Objective range  [8e-01, 2e+07]
  Bounds range     [1e+00, 8e+01]
  RHS range        [1e+00, 6e+02]

Presolve removed 49589 rows and 29780 columns
Presolve time: 0.85s
Presolved: 44758 rows, 28399 columns, 164161 nonzeros
Variable types: 41 continuous, 28358 integer (28358 binary)
Deterministic concurrent LP optimizer: primal and dual simplex
Showing primal log only...

Concurrent spin time: 0.00s

Solved with dual simplex

Use crossover to convert LP symmetric solution to basic solution...
Crossover time: 0.05 seconds (0.02 work units)

Root relaxation: objective 2.000180e+07, 898 iterations, 0.32 seconds (0.26 work units)

    Nodes    |    Current Node    |     Objective Bounds      |     Work
 Expl Unexpl |  Obj  Depth IntInf | Incumbent    BestBd   Gap | It/Node Time

     0     0 2.0002e+07    0  115          - 2.0002e+07      -     -    2s
     0     0 2.0002e+07    0   94          - 2.0002e+07      -     -    2s
     0     0 2.0002e+07    0   92          - 2.0002e+07      -     -    3s
     0     0 2.0002e+07    0  114          - 2.0002e+07      -     -    4s
     0     0 2.0002e+07    0  105          - 2.0002e+07      -     -    4s
     0     0 2.0002e+07    0  123          - 2.0002e+07      -     -    4s
     0     0 2.0002e+07    0   98          - 2.0002e+07      -     -    5s
     0     0 2.0002e+07    0  122          - 2.0002e+07      -     -    5s
     0     0 2.0002e+07    0  142          - 2.0002e+07      -     -    6s
     0     0 2.0002e+07    0  142          - 2.0002e+07      -     -    7s
     0     0 2.0002e+07    0  120          - 2.0002e+07      -     -    7s
     0     0 2.0002e+07    0  123          - 2.0002e+07      -     -    8s
     0     0 2.0002e+07    0  102          - 2.0002e+07      -     -    9s
     0     0 2.0002e+07    0  119          - 2.0002e+07      -     -   10s
     0     0 2.0002e+07    0  119          - 2.0002e+07      -     -   12s
     0     0 2.0002e+07    0   96          - 2.0002e+07      -     -   12s
     0     0 2.0002e+07    0   96          - 2.0002e+07      -     -   12s
     0     0 2.0002e+07    0   96          - 2.0002e+07      -     -   12s
     0     2 2.0002e+07    0   96          - 2.0002e+07      -     -   14s
     7    12 2.0002e+07    3  155          - 2.0002e+07      -   740   15s
   285   205 infeasible   17               - 2.0002e+07      -   219   20s
   534   374 7.6505e+07   17  142          - 2.0668e+07      -   188   25s
   748   522 5.3930e+07   31  203          - 2.1002e+07      -   181   30s
   924   628 8.6225e+07   27  134          - 2.1502e+07      -   171   35s
  1247   861 3.9450e+07   17  176          - 2.2143e+07      -   163   40s
  1383   907 8.6078e+07   26  119          - 2.3502e+07      -   161   45s
  1394   916 5.4998e+07   26   96          - 2.3502e+07      -   168   50s
  1411   936 2.3502e+07   24  107          - 2.3502e+07      -   175   55s
  1513   999 5.5101e+07   35  130          - 2.3502e+07      -   180   60s
  1642  1022 8.6841e+07   30  112          - 2.3502e+07      -   187   65s
  1749   999 2.9201e+07   27  171          - 2.3502e+07      -   191   70s
  1819  1026 5.1738e+07   35  132          - 2.3502e+07      -   196   75s
  1907  1036 4.5502e+07   28   66          - 2.3502e+07      -   201   81s
  1963  1044 7.1252e+07   29  140          - 2.3502e+07      -   203   86s
  1995  1045 5.9226e+07   32  127          - 2.3502e+07      -   203   91s
  2079  1074 8.1916e+07   42   91          - 2.3502e+07      -   206   95s
  2216  1081 3.5407e+07   35  179          - 2.4335e+07      -   208  101s
  2353  1109 5.6773e+07   40  123          - 2.5602e+07      -   211  105s
  2476  1117 infeasible   36               - 2.6502e+07      -   213  110s
  2671  1113 5.3852e+07   32  199          - 2.8335e+07      -   218  116s
  2735  1093 6.8502e+07   34   86          - 2.8335e+07      -   219  121s
  2759  1092 6.6271e+07   35  182          - 2.8668e+07      -   221  126s
  2808  1085 infeasible   37               - 2.9078e+07      -   221  132s
  2854  1100 3.8009e+07   26  213          - 2.9151e+07      -   223  136s
  2883  1114 3.8021e+07   27  210          - 2.9151e+07      -   223  141s
  3017  1126 infeasible   26               - 2.9151e+07      -   222  147s
  3076  1132 8.7958e+07   30  106          - 2.9151e+07      -   223  150s
  3254  1178 5.9802e+07   31  160          - 2.9151e+07      -   222  156s
  3385  1166 infeasible   36               - 2.9151e+07      -   221  160s
  3658  1172 6.7497e+07   37   97          - 2.9900e+07      -   221  166s
  3802  1209 7.9022e+07   35   79          - 3.0455e+07      -   224  170s
  4173  1172 5.7803e+07   36  163          - 3.1002e+07      -   224  178s
  4293  1192 6.0502e+07   37  117          - 3.1002e+07      -   222  181s
  4453  1223 6.6414e+07   38  155          - 3.1086e+07      -   223  185s
  4554  1233 infeasible   46               - 3.1502e+07      -   226  191s
  4682  1286 5.7273e+07   31  133          - 3.1922e+07      -   229  195s
  5108  1423 7.3002e+07   35  107          - 3.3502e+07      -   231  204s
  5334  1520 8.2409e+07   43   62          - 3.4101e+07      -   230  209s
  5561  1585 infeasible   44               - 3.5013e+07      -   229  214s
  5757  1666 infeasible   30               - 3.5013e+07      -   227  220s
  5924  1740 7.2401e+07   33  164          - 3.5013e+07      -   228  225s
  6210  1780 7.7449e+07   36   89          - 3.7497e+07      -   228  231s
  6498  1817 infeasible   36               - 3.9288e+07      -   229  237s
  6765  1913 6.4064e+07   32  165          - 4.1618e+07      -   231  243s
  7079  1986 1.0052e+08   40   30          - 4.4179e+07      -   231  249s
  7378  2103 infeasible   39               - 4.6002e+07      -   232  257s
  7781  2137 6.0748e+07   35   89          - 4.7002e+07      -   230  263s
  7923  2167 infeasible   39               - 4.7217e+07      -   230  271s
  8023  2225 infeasible   41               - 4.7502e+07      -   230  278s
  8316  2379 5.9712e+07   39  160          - 4.9002e+07      -   231  286s
  8800  2472 infeasible   33               - 4.9602e+07      -   230  293s
  9225  2568 9.8848e+07   42   61          - 4.9963e+07      -   230  300s

Cutting planes:
  Learned: 1
  MIR: 1
  Zero half: 1
  RLT: 14
  Relax-and-lift: 4
  BQP: 145

Explored 9607 nodes (2225865 simplex iterations) in 300.06 seconds (311.05 work units)
Thread count was 8 (of 8 available processors)

Solution count 0

Time limit reached
Best objective -, best bound 5.026548820057e+07, gap -
