
Gurobi 13.0.1 (win64) logging started Sun Feb  8 20:59:02 2026

Set parameter LogFile to value "logs\scn_many-medium_seed1_P5_pl20__medium__base.gurobi.log"
Gurobi Optimizer version 13.0.1 build v13.0.1rc0 (win64 - Windows 11+.0 (26200.2))

CPU model: 11th Gen Intel(R) Core(TM) i7-11370H @ 3.30GHz, instruction set [SSE2|AVX|AVX2|AVX512]
Thread count: 4 physical cores, 8 logical processors, using up to 8 threads

Non-default parameters:
TimeLimit  300
MIPGap  0.02

Optimize a model with 94342 rows, 58174 columns and 340412 nonzeros (Min)
Model fingerprint: 0x75facf1f
Model has 40278 linear objective coefficients
Variable types: 519 continuous, 57655 integer (57655 binary)
Coefficient statistics:
  Matrix range     [5e-02, 2e+02]
  Objective range  [8e-01, 1e+06]
  Bounds range     [1e+00, 8e+01]
  RHS range        [1e+00, 6e+02]

Presolve removed 49769 rows and 29805 columns
Presolve time: 0.92s
Presolved: 44573 rows, 28369 columns, 163636 nonzeros
Variable types: 41 continuous, 28328 integer (28328 binary)
Deterministic concurrent LP optimizer: primal and dual simplex
Showing primal log only...

Concurrent spin time: 0.00s

Solved with dual simplex

Use crossover to convert LP symmetric solution to basic solution...
Crossover time: 0.05 seconds (0.02 work units)

Root relaxation: objective 1.804760e+03, 95 iterations, 0.57 seconds (0.19 work units)

    Nodes    |    Current Node    |     Objective Bounds      |     Work
 Expl Unexpl |  Obj  Depth IntInf | Incumbent    BestBd   Gap | It/Node Time

     0     0 1804.76000    0   81          - 1804.76000      -     -    2s
     0     0 1804.76000    0   81          - 1804.76000      -     -    3s
     0     0 1804.76000    0   81          - 1804.76000      -     -    3s
     0     0 1804.76000    0  145          - 1804.76000      -     -    5s
     0     0 1804.76000    0  107          - 1804.76000      -     -    5s
     0     0 1804.76000    0  118          - 1804.76000      -     -    6s
     0     0 1804.76000    0   99          - 1804.76000      -     -    7s
     0     0 1804.76000    0  120          - 1804.76000      -     -    7s
     0     0 1804.76000    0  101          - 1804.76000      -     -    8s
     0     0 1804.76000    0   83          - 1804.76000      -     -    8s
     0     0 1804.76000    0  106          - 1804.76000      -     -    9s
     0     0 1804.76000    0  135          - 1804.76000      -     -    9s
     0     0 1804.76000    0   79          - 1804.76000      -     -   10s
     0     0 1804.76000    0   74          - 1804.76000      -     -   10s
     0     0 1804.76000    0  122          - 1804.76000      -     -   11s
     0     0 1804.76000    0  110          - 1804.76000      -     -   11s
     0     0 1804.76000    0  119          - 1804.76000      -     -   12s
     0     0 1804.76000    0  136          - 1804.76000      -     -   12s
     0     0 1804.76000    0   83          - 1804.76000      -     -   13s
     0     0 1804.76000    0   82          - 1804.76000      -     -   13s
     0     0 1804.76000    0   82          - 1804.76000      -     -   13s
     0     2 1804.76000    0   82          - 1804.76000      -     -   15s
   217   226 infeasible   26               - 1804.76000      -   206   20s
   615   498 4751804.76   18  118          - 1804.76000      -   160   25s
   802   646 2751804.76    5  117          - 1804.76000      -   176   31s
   810   653 2001804.76    6  117          - 1804.76000      -   179   36s
   824   666 2001804.76    7  107          - 1804.76000      -   180   40s
   840   688 4001804.76    8  121          - 1804.76000      -   182   45s
   940   786 3149056.93    9  104          - 1804.76000      -   183   50s
  1176   942 1.7202e+07   43   78          - 1804.76000      -   183   55s
  1181   946 8501804.76   24  104          - 1804.76000      -   182   60s
  1185   948 6001804.76   17  103          - 1804.76000      -   182   66s
  1188   950 9335138.09   35  149          - 1001804.76      -   181   70s
  1200   958 3.2272e+07   60  215          - 3617385.84      -   180   75s
  1227   976 2.5002e+07   54  279          - 6322243.17      -   176   80s
  1234   981 2.0002e+07   47  200          - 8001804.76      -   175   85s
  1237   983 1.2002e+07   35  170          - 8001804.76      -   174   93s
  1238   984 8001804.76   18  158          - 8001804.76      -   174   97s
  1239   984 8001804.76   17  187          - 8001804.76      -   174  100s
  1242   986 8001804.76   25  171          - 8001804.76      -   173  105s
  1251   994 8001804.76   12  178          - 8001804.76      -   207  110s
  1257   998 8001804.76   20  173          - 8001804.76      -   206  115s
  1263  1002 1.3502e+07   39  164          - 8001804.76      -   205  122s
  1266  1004 8001804.76    9  146          - 8001804.76      -   205  125s
  1269  1006 2.3502e+07   60  155          - 8001804.76      -   204  130s
  1310  1040 9119141.61   34  257          - 8067579.17      -   233  135s
  1365  1072 1.0218e+07   41  180          - 8067579.17      -   245  140s
  1441  1108 1.6328e+07   51  115          - 8121501.30      -   251  145s
  1551  1130 1.2125e+07   35  205          - 8149387.02      -   259  150s
  1585  1149 1.2336e+07   39  197          - 8149387.02      -   266  155s
  1605  1160 1.8035e+07   41  132          - 8149387.02      -   270  160s
  1664  1180 8673659.62   33  204          - 8149387.02      -   275  165s
  1767  1181 9037420.72   35  212          - 8149387.02      -   269  170s
  1838  1226 1.2609e+07   40  199          - 8236179.76      -   278  176s
  1878  1233 infeasible   41               - 8236179.76      -   283  180s
  1941  1255 infeasible   41               - 8236179.76      -   284  185s
  2005  1243 1.3164e+07   42  262          - 8316825.85      -   287  190s
  2033  1277 1.3279e+07   44  266          - 8316825.85      -   291  195s
  2091  1309 1.4009e+07   44  245          - 8316825.85      -   295  201s
  2174  1340 9725503.54   32  158          - 8316825.85      -   301  207s
  2286  1397 1.6135e+07   50  140          - 8390913.79      -   303  212s
  2356  1423 1.3046e+07   39  229          - 8390913.79      -   303  215s
  2486  1444 1.0281e+07   41  222          - 8390913.79      -   305  221s
  2545  1432 1.1839e+07   51  117          - 8390913.79      -   308  227s
  2553  1456 1.3206e+07   51  176          - 8390913.79      -   308  230s
  2672  1472 9708157.49   32  204          - 8513942.03      -   303  236s
  2678  1475 1.0006e+07   33  196          - 8513942.03      -   303  240s
  2731  1512 1.0666e+07   36  221          - 8513942.03      -   305  247s
  2777  1541 1.4072e+07   44  213          - 8513942.03      -   307  250s
  2903  1595 1.0881e+07   34  128          - 8599856.85      -   310  259s
  2976  1636 1.4205e+07   41  177          - 8599856.85      -   312  263s
  3063  1671 1.6902e+07   46  149          - 8633445.57      -   314  267s
  3163  1690 infeasible   56               - 8782078.70      -   314  271s
  3269  1704 infeasible   48               - 8782777.58      -   314  276s
  3353  1735 1.9017e+07   57  186          - 8834764.30      -   317  281s
  3446  1769 1.4164e+07   39  241          - 8834764.30      -   320  287s
  3539  1808 9691787.61   35  212          - 8834764.30      -   323  293s
  3639  1813 1.5417e+07   44  206          - 8834764.30      -   324  298s
  3721  1811 2.1646e+07   52  152          - 8844971.30      -   325  300s

Cutting planes:
  Gomory: 1
  Cover: 3
  Dual implied bound: 7
  Flow cover: 12
  Zero half: 17
  RLT: 29
  BQP: 292

Explored 3758 nodes (1241325 simplex iterations) in 300.03 seconds (293.13 work units)
Thread count was 8 (of 8 available processors)

Solution count 0

Time limit reached
Best objective -, best bound 8.844971302196e+06, gap -
