
Gurobi 13.0.1 (win64) logging started Sun Feb  8 21:25:07 2026

Set parameter LogFile to value "logs\case_26__soft12__base.gurobi.log"
Gurobi Optimizer version 13.0.1 build v13.0.1rc0 (win64 - Windows 11+.0 (26200.2))

CPU model: 11th Gen Intel(R) Core(TM) i7-11370H @ 3.30GHz, instruction set [SSE2|AVX|AVX2|AVX512]
Thread count: 4 physical cores, 8 logical processors, using up to 8 threads

Non-default parameters:
TimeLimit  300
MIPGap  0.02

Optimize a model with 235348 rows, 176049 columns and 709536 nonzeros (Min)
Model fingerprint: 0x5d01678e
Model has 168406 linear objective coefficients
Variable types: 344 continuous, 175705 integer (175705 binary)
Coefficient statistics:
  Matrix range     [4e-02, 2e+03]
  Objective range  [8e-01, 1e+00]
  Bounds range     [1e+00, 2e+03]
  RHS range        [1e+00, 6e+03]

Presolve removed 64314 rows and 58257 columns
Presolve time: 3.24s
Presolved: 171034 rows, 117792 columns, 543219 nonzeros
Variable types: 22 continuous, 117770 integer (117770 binary)
Found heuristic solution: objective 11896.000000
Deterministic concurrent LP optimizer: primal simplex, dual simplex, and barrier
Showing barrier log only...

Root barrier log...


Barrier performed 0 iterations in 4.35 seconds (4.48 work units)
Barrier solve interrupted - model solved by another algorithm

Concurrent spin time: 0.00s

Solved with dual simplex
Deterministic concurrent LP optimizer: primal simplex, dual simplex, and barrier
Showing barrier log only...

Root barrier log...

Ordering time: 0.06s

Barrier performed 0 iterations in 4.59 seconds (4.56 work units)
Barrier solve interrupted - model solved by another algorithm

Concurrent spin time: 0.06s

Solved with dual simplex

Root relaxation: interrupted, 10246 iterations, 0.58 seconds (0.43 work units)

    Nodes    |    Current Node    |     Objective Bounds      |     Work
 Expl Unexpl |  Obj  Depth IntInf | Incumbent    BestBd   Gap | It/Node Time

     0     0          -    0      11896.0000 11659.0000  1.99%     -    4s

Explored 1 nodes (10246 simplex iterations) in 4.64 seconds (4.56 work units)
Thread count was 8 (of 8 available processors)

Solution count 1: 11896 

Optimal solution found (tolerance 2.00e-02)
Best objective 1.189600000000e+04, best bound 1.165900000000e+04, gap 1.9923%

Gurobi 13.0.1 (win64) logging started Sun Feb  8 21:39:45 2026

Set parameter LogFile to value "logs\case_26__soft12__base.gurobi.log"
Gurobi Optimizer version 13.0.1 build v13.0.1rc0 (win64 - Windows 11+.0 (26200.2))

CPU model: 11th Gen Intel(R) Core(TM) i7-11370H @ 3.30GHz, instruction set [SSE2|AVX|AVX2|AVX512]
Thread count: 4 physical cores, 8 logical processors, using up to 8 threads

Non-default parameters:
TimeLimit  300
MIPGap  0.02

Optimize a model with 235348 rows, 176049 columns and 709536 nonzeros (Min)
Model fingerprint: 0x5d01678e
Model has 168406 linear objective coefficients
Variable types: 344 continuous, 175705 integer (175705 binary)
Coefficient statistics:
  Matrix range     [4e-02, 2e+03]
  Objective range  [8e-01, 1e+00]
  Bounds range     [1e+00, 2e+03]
  RHS range        [1e+00, 6e+03]

Presolve removed 64314 rows and 58257 columns (presolve time = 5s)...
Presolve removed 64314 rows and 58257 columns
Presolve time: 5.10s
Presolved: 171034 rows, 117792 columns, 543219 nonzeros
Variable types: 22 continuous, 117770 integer (117770 binary)
Found heuristic solution: objective 11896.000000
Deterministic concurrent LP optimizer: primal simplex, dual simplex, and barrier
Showing barrier log only...

Root barrier log...


Barrier performed 0 iterations in 6.60 seconds (4.48 work units)
Barrier solve interrupted - model solved by another algorithm

Concurrent spin time: 0.00s

Solved with dual simplex
Deterministic concurrent LP optimizer: primal simplex, dual simplex, and barrier
Showing barrier log only...

Root barrier log...

Ordering time: 0.10s

Barrier performed 0 iterations in 6.95 seconds (4.56 work units)
Barrier solve interrupted - model solved by another algorithm

Concurrent spin time: 0.09s

Solved with dual simplex

Root relaxation: interrupted, 10246 iterations, 0.81 seconds (0.43 work units)

    Nodes    |    Current Node    |     Objective Bounds      |     Work
 Expl Unexpl |  Obj  Depth IntInf | Incumbent    BestBd   Gap | It/Node Time

     0     0          -    0      11896.0000 11659.0000  1.99%     -    6s

Explored 1 nodes (10246 simplex iterations) in 7.02 seconds (4.56 work units)
Thread count was 8 (of 8 available processors)

Solution count 1: 11896 

Optimal solution found (tolerance 2.00e-02)
Best objective 1.189600000000e+04, best bound 1.165900000000e+04, gap 1.9923%

Gurobi 13.0.1 (win64) logging started Sun Feb  8 21:46:42 2026

Set parameter LogFile to value "logs\case_26__soft12__base.gurobi.log"
Gurobi Optimizer version 13.0.1 build v13.0.1rc0 (win64 - Windows 11+.0 (26200.2))

CPU model: 11th Gen Intel(R) Core(TM) i7-11370H @ 3.30GHz, instruction set [SSE2|AVX|AVX2|AVX512]
Thread count: 4 physical cores, 8 logical processors, using up to 8 threads

Non-default parameters:
TimeLimit  300
MIPGap  0.02

Optimize a model with 235348 rows, 176049 columns and 709536 nonzeros (Min)
Model fingerprint: 0x5d01678e
Model has 168406 linear objective coefficients
Variable types: 344 continuous, 175705 integer (175705 binary)
Coefficient statistics:
  Matrix range     [4e-02, 2e+03]
  Objective range  [8e-01, 1e+00]
  Bounds range     [1e+00, 2e+03]
  RHS range        [1e+00, 6e+03]

Presolve removed 64314 rows and 58257 columns
Presolve time: 2.48s
Presolved: 171034 rows, 117792 columns, 543219 nonzeros
Variable types: 22 continuous, 117770 integer (117770 binary)
Found heuristic solution: objective 11896.000000
Deterministic concurrent LP optimizer: primal simplex, dual simplex, and barrier
Showing barrier log only...

Root barrier log...


Barrier performed 0 iterations in 3.52 seconds (4.48 work units)
Barrier solve interrupted - model solved by another algorithm

Concurrent spin time: 0.00s

Solved with dual simplex
Deterministic concurrent LP optimizer: primal simplex, dual simplex, and barrier
Showing barrier log only...

Root barrier log...

Ordering time: 0.10s

Barrier performed 0 iterations in 3.86 seconds (4.56 work units)
Barrier solve interrupted - model solved by another algorithm

Concurrent spin time: 0.10s (can be avoided by choosing Method=3)

Solved with dual simplex

Root relaxation: interrupted, 10246 iterations, 0.69 seconds (0.43 work units)

    Nodes    |    Current Node    |     Objective Bounds      |     Work
 Expl Unexpl |  Obj  Depth IntInf | Incumbent    BestBd   Gap | It/Node Time

     0     0          -    0      11896.0000 11659.0000  1.99%     -    3s

Explored 1 nodes (10246 simplex iterations) in 3.95 seconds (4.56 work units)
Thread count was 8 (of 8 available processors)

Solution count 1: 11896 

Optimal solution found (tolerance 2.00e-02)
Best objective 1.189600000000e+04, best bound 1.165900000000e+04, gap 1.9923%
