
Gurobi 13.0.1 (win64) logging started Sun Feb  8 21:30:49 2026

Set parameter LogFile to value "logs\scn_many-medium_seed9_P5_pl20__soft12__base.gurobi.log"
Gurobi Optimizer version 13.0.1 build v13.0.1rc0 (win64 - Windows 11+.0 (26200.2))

CPU model: 11th Gen Intel(R) Core(TM) i7-11370H @ 3.30GHz, instruction set [SSE2|AVX|AVX2|AVX512]
Thread count: 4 physical cores, 8 logical processors, using up to 8 threads

Non-default parameters:
TimeLimit  300
MIPGap  0.02

Optimize a model with 87281 rows, 58863 columns and 332763 nonzeros (Min)
Model fingerprint: 0xdbf6c11e
Model has 39157 linear objective coefficients
Variable types: 531 continuous, 58332 integer (58332 binary)
Coefficient statistics:
  Matrix range     [5e-02, 2e+02]
  Objective range  [8e-01, 1e+00]
  Bounds range     [1e+00, 8e+01]
  RHS range        [8e-01, 6e+02]

Presolve removed 43493 rows and 31176 columns
Presolve time: 0.72s
Presolved: 43788 rows, 27687 columns, 164310 nonzeros
Variable types: 43 continuous, 27644 integer (27644 binary)
Deterministic concurrent LP optimizer: primal and dual simplex
Showing primal log only...

Concurrent spin time: 0.00s

Solved with dual simplex

Use crossover to convert LP symmetric solution to basic solution...
Crossover time: 0.03 seconds (0.02 work units)

Root relaxation: objective 1.865380e+03, 82 iterations, 0.14 seconds (0.15 work units)

    Nodes    |    Current Node    |     Objective Bounds      |     Work
 Expl Unexpl |  Obj  Depth IntInf | Incumbent    BestBd   Gap | It/Node Time

     0     0 1865.38000    0   66          - 1865.38000      -     -    1s
     0     0 1865.38000    0   58          - 1865.38000      -     -    2s
     0     0 1865.38000    0   99          - 1865.38000      -     -    2s
     0     0 1865.38000    0  113          - 1865.38000      -     -    2s
     0     0 1865.38000    0   75          - 1865.38000      -     -    2s
     0     0 1865.38000    0  108          - 1865.38000      -     -    3s
     0     0 1865.38000    0   47          - 1865.38000      -     -    4s
     0     0 1865.38000    0   39          - 1865.38000      -     -    4s
     0     0 1865.38000    0   84          - 1865.38000      -     -    4s
     0     0 1865.38000    0   49          - 1865.38000      -     -    5s
     0     0 1865.38000    0   48          - 1865.38000      -     -    5s
     0     0 1865.38000    0   86          - 1865.38000      -     -    5s
     0     0 1865.38000    0   47          - 1865.38000      -     -    6s
     0     0 1865.38000    0   51          - 1865.38000      -     -    6s
     0     0 1865.38000    0   88          - 1865.38000      -     -    7s
     0     0 1865.38000    0   35          - 1865.38000      -     -    7s
     0     0 1865.38000    0   65          - 1865.38000      -     -    7s
     0     0 1865.38000    0   98          - 1865.38000      -     -    8s
     0     0 1865.38000    0   48          - 1865.38000      -     -    8s
     0     0 1865.38000    0   63          - 1865.38000      -     -    8s
     0     0 1865.38000    0   81          - 1865.38000      -     -    9s
     0     0 1865.38000    0   55          - 1865.38000      -     -    9s
     0     0 1865.38000    0   77          - 1865.38000      -     -    9s
     0     0 1865.38000    0   96          - 1865.38000      -     -    9s
     0     0 1865.38000    0   44          - 1865.38000      -     -   10s
     0     0 1865.38000    0   44          - 1865.38000      -     -   10s
     0     0 1865.38000    0   44          - 1865.38000      -     -   10s
     0     2 1865.38000    0   44          - 1865.38000      -     -   11s
  1596   683 1865.77000   68   37          - 1865.38000      -  11.1   15s
  2087   776 1865.38000    7   81          - 1865.38000      -  11.4   20s
  2100   785 1865.38000   28   38          - 1865.38000      -  11.4   25s
  2431  1071 1865.38000   49   53          - 1865.38000      -  23.7   32s
  2828  1174 1865.38000   57   63          - 1865.38000      -  25.0   36s
  3287  1229 1865.38000   53   64          - 1865.38000      -  25.4   41s
  3754  1220 1866.18200   79   65          - 1865.38000      -  25.8   45s
  4138  1363 infeasible   70               - 1865.38000      -  26.2   51s
  4554  1456 1867.00400   75   31          - 1865.38000      -  26.0   56s
  4854  1622 infeasible   74               - 1865.38000      -  26.0   61s
  5191  1728 infeasible   88               - 1865.38000      -  26.6   65s
  5503  1977 1865.38000   87   68          - 1865.38000      -  26.8   70s
  6064  2132 1865.56800   77   41          - 1865.38000      -  26.7   76s
  6277  2334 1865.38000   68   60          - 1865.38000      -  26.5   80s
  6667  2537 1866.38900   83   40          - 1865.38000      -  26.6   85s
  7175  2697 1866.05000   43   55          - 1865.38000      -  26.8   90s
  7456  3037 1866.05000   85   51          - 1865.38000      -  26.7   96s
  8069  3307 infeasible  102               - 1865.38000      -  26.7  102s
  8720  3708 1865.38000   73   80          - 1865.38000      -  26.6  108s
  9045  3856 1865.38000   79   47          - 1865.38000      -  26.5  111s
  9637  4169 1865.38000   66   55          - 1865.38000      -  26.4  118s
 10000  4329 infeasible   85               - 1865.38000      -  26.3  121s
 10282  4532 1865.38000   59   92          - 1865.38000      -  26.4  127s
 10713  4610 1865.38000   78   65          - 1865.38000      -  26.4  134s
 10849  4829 1866.18200   78   70          - 1865.38000      -  26.4  142s
 11310  5002 1865.38000   69   64          - 1865.38000      -  26.3  148s
 11743  5183 1868.36000   83   30          - 1865.38000      -  26.4  154s
 12196  5260 1872.13500   77   47          - 1865.38000      -  26.3  158s
 12423  5266 1866.10900   62   77          - 1865.38000      -  26.4  162s
 12435  5421 1866.10900   64   75          - 1865.38000      -  26.4  167s
 12767  5569 1871.37600   93   51          - 1865.38000      -  26.3  171s
 13259  5717 1869.33300   89   38          - 1865.38000      -  26.3  175s
 14101  6011 1868.80400   92   27          - 1865.38000      -  26.2  183s
 14545  6194 1867.86900   70   58          - 1865.38000      -  26.2  188s
 14964  6322 1871.20200   77   52          - 1865.38000      -  26.1  195s
 15730  6659 1867.65700   80   44          - 1865.38000      -  26.1  205s
 16230  6766 1872.72800   93   36          - 1865.38000      -  26.1  210s
 16627  6930 1869.49300   84   43          - 1865.38000      -  26.2  215s
 17479  7252 1872.17100   91   63          - 1865.38000      -  26.2  224s
 17847  7380 infeasible   90               - 1865.38000      -  26.2  228s
 18353  7505 infeasible   90               - 1865.38000      -  26.2  232s
 18662  7628 1868.85300   86   32          - 1865.38000      -  26.2  237s
 19109  7765 1865.38000   76   54          - 1865.38000      -  26.3  242s
 19536  7869 infeasible   82               - 1865.38000      -  26.3  247s
 19866  8013 1865.38000   67   57          - 1865.38000      -  26.4  251s
 20216  8013 infeasible   89               - 1865.38000      -  26.3  257s
 20224  8044 1875.86200   90   42          - 1865.38000      -  26.3  261s
 20347  8200 infeasible   79               - 1865.38000      -  26.4  266s
 20781  8420 1872.59300   70   44          - 1865.38000      -  26.4  294s
 21293  8489 1871.56000   83   38          - 1865.38000      -  26.4  298s
 21493  8559 1876.35000   78   35          - 1865.38000      -  26.5  300s

Cutting planes:
  Gomory: 1
  Flow cover: 20
  RLT: 5
  Relax-and-lift: 2

Explored 21665 nodes (601235 simplex iterations) in 300.03 seconds (239.64 work units)
Thread count was 8 (of 8 available processors)

Solution count 0

Time limit reached
Best objective -, best bound 1.865380000000e+03, gap -

Gurobi 13.0.1 (win64) logging started Sun Feb  8 21:46:00 2026

Set parameter LogFile to value "logs\scn_many-medium_seed9_P5_pl20__soft12__base.gurobi.log"
Gurobi Optimizer version 13.0.1 build v13.0.1rc0 (win64 - Windows 11+.0 (26200.2))

CPU model: 11th Gen Intel(R) Core(TM) i7-11370H @ 3.30GHz, instruction set [SSE2|AVX|AVX2|AVX512]
Thread count: 4 physical cores, 8 logical processors, using up to 8 threads

Non-default parameters:
TimeLimit  300
MIPGap  0.02

Optimize a model with 87281 rows, 58863 columns and 332763 nonzeros (Min)
Model fingerprint: 0xdbf6c11e
Model has 39157 linear objective coefficients
Variable types: 531 continuous, 58332 integer (58332 binary)
Coefficient statistics:
  Matrix range     [5e-02, 2e+02]
  Objective range  [8e-01, 1e+00]
  Bounds range     [1e+00, 8e+01]
  RHS range        [8e-01, 6e+02]

Presolve removed 43493 rows and 31176 columns
Presolve time: 0.74s
Presolved: 43788 rows, 27687 columns, 164310 nonzeros
Variable types: 43 continuous, 27644 integer (27644 binary)
Deterministic concurrent LP optimizer: primal and dual simplex
Showing primal log only...

Concurrent spin time: 0.00s

Solved with dual simplex

Use crossover to convert LP symmetric solution to basic solution...
Crossover time: 0.04 seconds (0.02 work units)

Root relaxation: objective 1.865380e+03, 82 iterations, 0.14 seconds (0.15 work units)

    Nodes    |    Current Node    |     Objective Bounds      |     Work
 Expl Unexpl |  Obj  Depth IntInf | Incumbent    BestBd   Gap | It/Node Time

     0     0 1865.38000    0   66          - 1865.38000      -     -    1s
     0     0 1865.38000    0   58          - 1865.38000      -     -    2s
     0     0 1865.38000    0   99          - 1865.38000      -     -    2s
     0     0 1865.38000    0  113          - 1865.38000      -     -    2s
     0     0 1865.38000    0   75          - 1865.38000      -     -    2s
     0     0 1865.38000    0  108          - 1865.38000      -     -    3s
     0     0 1865.38000    0   47          - 1865.38000      -     -    3s
     0     0 1865.38000    0   39          - 1865.38000      -     -    3s
     0     0 1865.38000    0   84          - 1865.38000      -     -    4s
     0     0 1865.38000    0   49          - 1865.38000      -     -    5s
     0     0 1865.38000    0   48          - 1865.38000      -     -    5s
     0     0 1865.38000    0   86          - 1865.38000      -     -    5s
     0     0 1865.38000    0   47          - 1865.38000      -     -    6s
     0     0 1865.38000    0   51          - 1865.38000      -     -    6s
     0     0 1865.38000    0   88          - 1865.38000      -     -    7s
     0     0 1865.38000    0   35          - 1865.38000      -     -    8s
     0     0 1865.38000    0   65          - 1865.38000      -     -    8s
     0     0 1865.38000    0   98          - 1865.38000      -     -    9s
     0     0 1865.38000    0   48          - 1865.38000      -     -   10s
     0     0 1865.38000    0   63          - 1865.38000      -     -   10s
     0     0 1865.38000    0   81          - 1865.38000      -     -   10s
     0     0 1865.38000    0   55          - 1865.38000      -     -   10s
     0     0 1865.38000    0   77          - 1865.38000      -     -   10s
     0     0 1865.38000    0   96          - 1865.38000      -     -   11s
     0     0 1865.38000    0   44          - 1865.38000      -     -   11s
     0     0 1865.38000    0   44          - 1865.38000      -     -   11s
     0     0 1865.38000    0   44          - 1865.38000      -     -   11s
     0     2 1865.38000    0   44          - 1865.38000      -     -   12s
   592   461 1865.38000   15   85          - 1865.38000      -  16.7   15s
  2081   772 1865.38000   44  109          - 1865.38000      -  11.5   20s
  2089   778 1865.38000   32   38          - 1865.38000      -  11.4   25s

Gurobi 13.0.1 (win64) logging started Sun Feb  8 21:52:31 2026

Set parameter LogFile to value "logs\scn_many-medium_seed9_P5_pl20__soft12__base.gurobi.log"
Gurobi Optimizer version 13.0.1 build v13.0.1rc0 (win64 - Windows 11+.0 (26200.2))

CPU model: 11th Gen Intel(R) Core(TM) i7-11370H @ 3.30GHz, instruction set [SSE2|AVX|AVX2|AVX512]
Thread count: 4 physical cores, 8 logical processors, using up to 8 threads

Non-default parameters:
TimeLimit  300
MIPGap  0.02

Optimize a model with 87281 rows, 58863 columns and 332763 nonzeros (Min)
Model fingerprint: 0xdbf6c11e
Model has 39157 linear objective coefficients
Variable types: 531 continuous, 58332 integer (58332 binary)
Coefficient statistics:
  Matrix range     [5e-02, 2e+02]
  Objective range  [8e-01, 1e+00]
  Bounds range     [1e+00, 8e+01]
  RHS range        [8e-01, 6e+02]

Presolve removed 43493 rows and 31176 columns
Presolve time: 1.58s
Presolved: 43788 rows, 27687 columns, 164310 nonzeros
Variable types: 43 continuous, 27644 integer (27644 binary)
Deterministic concurrent LP optimizer: primal and dual simplex
Showing primal log only...

Concurrent spin time: 0.00s

Solved with dual simplex

Use crossover to convert LP symmetric solution to basic solution...
Crossover time: 0.07 seconds (0.02 work units)

Root relaxation: objective 1.865380e+03, 82 iterations, 0.27 seconds (0.15 work units)

    Nodes    |    Current Node    |     Objective Bounds      |     Work
 Expl Unexpl |  Obj  Depth IntInf | Incumbent    BestBd   Gap | It/Node Time

     0     0 1865.38000    0   66          - 1865.38000      -     -    3s
     0     0 1865.38000    0   58          - 1865.38000      -     -    3s
     0     0 1865.38000    0   99          - 1865.38000      -     -    4s
     0     0 1865.38000    0  113          - 1865.38000      -     -    4s
     0     0 1865.38000    0   75          - 1865.38000      -     -    5s
     0     0 1865.38000    0  108          - 1865.38000      -     -    5s
     0     0 1865.38000    0   47          - 1865.38000      -     -    6s
     0     0 1865.38000    0   39          - 1865.38000      -     -    6s
     0     0 1865.38000    0   84          - 1865.38000      -     -    6s
     0     0 1865.38000    0   49          - 1865.38000      -     -    7s
     0     0 1865.38000    0   48          - 1865.38000      -     -    7s
     0     0 1865.38000    0   86          - 1865.38000      -     -    7s
     0     0 1865.38000    0   47          - 1865.38000      -     -    8s
     0     0 1865.38000    0   51          - 1865.38000      -     -    9s
     0     0 1865.38000    0   88          - 1865.38000      -     -   10s
     0     0 1865.38000    0   35          - 1865.38000      -     -   11s
     0     0 1865.38000    0   65          - 1865.38000      -     -   11s
     0     0 1865.38000    0   98          - 1865.38000      -     -   12s
     0     0 1865.38000    0   48          - 1865.38000      -     -   13s
     0     0 1865.38000    0   63          - 1865.38000      -     -   13s
     0     0 1865.38000    0   81          - 1865.38000      -     -   14s
     0     0 1865.38000    0   55          - 1865.38000      -     -   14s
     0     0 1865.38000    0   77          - 1865.38000      -     -   14s
     0     0 1865.38000    0   96          - 1865.38000      -     -   14s
     0     0 1865.38000    0   44          - 1865.38000      -     -   15s
     0     0 1865.38000    0   44          - 1865.38000      -     -   15s
     0     0 1865.38000    0   44          - 1865.38000      -     -   16s
     0     2 1865.38000    0   44          - 1865.38000      -     -   17s
   279   382 1865.38000   51   52          - 1865.38000      -  20.2   20s
  2076   768 1866.32600   27   93          - 1865.38000      -  10.6   25s
  2085   775 1867.86800   34   82          - 1865.38000      -  11.4   30s
  2092   780 1869.96600   57   39          - 1865.38000      -  11.4   35s
  2100   785 1865.38000   28   38          - 1865.38000      -  11.4   40s
  2196   871 1865.38000   36   47          - 1865.38000      -  22.7   45s
  2431  1071 1865.38000   49   53          - 1865.38000      -  23.7   52s
  2616  1105 infeasible   63               - 1865.38000      -  24.4   58s
  2828  1174 1865.38000   57   63          - 1865.38000      -  25.0   62s
  3076  1201 infeasible   63               - 1865.38000      -  25.0   65s
  3508  1280 1865.38000   64   51          - 1865.38000      -  25.8   71s
  3797  1293 1871.33500   71   42          - 1865.38000      -  25.9   79s
  3965  1304 infeasible   74               - 1865.38000      -  26.0   84s
  4138  1363 infeasible   70               - 1865.38000      -  26.2   89s
  4298  1429 infeasible   79               - 1865.38000      -  26.1   93s
  4554  1456 1867.00400   75   31          - 1865.38000      -  26.0   95s
  4717  1517 1866.10900   63   86          - 1865.38000      -  25.9  100s
  4854  1622 infeasible   74               - 1865.38000      -  26.0  105s
  5191  1728 infeasible   88               - 1865.38000      -  26.6  112s
  5269  1828 1866.39000   92   34          - 1865.38000      -  26.7  115s
  5503  1977 1865.38000   87   68          - 1865.38000      -  26.8  121s
  5784  2108 1866.42500   75   53          - 1865.38000      -  26.9  126s
  6064  2132 1865.56800   77   41          - 1865.38000      -  26.7  132s
  6097  2210 1868.39000   69   67          - 1865.38000      -  26.7  135s
  6483  2440 1865.38000   77   68          - 1865.38000      -  26.4  142s
  6667  2537 1866.38900   83   40          - 1865.38000      -  26.6  146s
  7175  2697 1866.05000   43   55          - 1865.38000      -  26.8  153s
  7208  2859 1866.05000   45   45          - 1865.38000      -  26.7  157s
  7456  3037 1866.05000   85   51          - 1865.38000      -  26.7  160s
  8069  3307 infeasible  102               - 1865.38000      -  26.7  170s
  8720  3708 1865.38000   73   80          - 1865.38000      -  26.6  178s
  9045  3856 1865.38000   79   47          - 1865.38000      -  26.5  182s
  9327  3974 1866.63500   84   56          - 1865.38000      -  26.6  190s
  9637  4169 1865.38000   66   55          - 1865.38000      -  26.4  196s
 10000  4329 infeasible   85               - 1865.38000      -  26.3  203s
 10282  4532 1865.38000   59   92          - 1865.38000      -  26.4  209s
 10713  4610 1865.38000   78   65          - 1865.38000      -  26.4  213s
 10849  4829 1866.18200   78   70          - 1865.38000      -  26.4  222s
 11310  5002 1865.38000   69   64          - 1865.38000      -  26.3  233s
 11743  5183 1868.36000   83   30          - 1865.38000      -  26.4  242s
 12196  5260 1872.13500   77   47          - 1865.38000      -  26.3  249s
 12423  5266 1866.10900   62   77          - 1865.38000      -  26.4  254s
 12435  5421 1866.10900   64   75          - 1865.38000      -  26.4  261s
 12767  5569 1871.37600   93   51          - 1865.38000      -  26.3  266s
 13259  5717 1869.33300   89   38          - 1865.38000      -  26.3  273s
 13771  5845 infeasible   88               - 1865.38000      -  26.2  279s
 14101  6011 1868.80400   92   27          - 1865.38000      -  26.2  284s
 14545  6194 1867.86900   70   58          - 1865.38000      -  26.2  289s
 14964  6322 1871.20200   77   52          - 1865.38000      -  26.1  294s
 15266  6487 infeasible   98               - 1865.38000      -  26.1  300s

Cutting planes:
  Flow cover: 1

Explored 15669 nodes (436377 simplex iterations) in 300.05 seconds (164.70 work units)
Thread count was 8 (of 8 available processors)

Solution count 0

Time limit reached
Best objective -, best bound 1.865380000000e+03, gap -
