
Gurobi 13.0.1 (win64) logging started Sun Feb  8 21:25:43 2026

Set parameter LogFile to value "logs\scn_many-medium_seed1_P5_pl20__soft12__base.gurobi.log"
Gurobi Optimizer version 13.0.1 build v13.0.1rc0 (win64 - Windows 11+.0 (26200.2))

CPU model: 11th Gen Intel(R) Core(TM) i7-11370H @ 3.30GHz, instruction set [SSE2|AVX|AVX2|AVX512]
Thread count: 4 physical cores, 8 logical processors, using up to 8 threads

Non-default parameters:
TimeLimit  300
MIPGap  0.02

Optimize a model with 81176 rows, 54872 columns and 307476 nonzeros (Min)
Model fingerprint: 0x23902524
Model has 36982 linear objective coefficients
Variable types: 507 continuous, 54365 integer (54365 binary)
Coefficient statistics:
  Matrix range     [5e-02, 2e+02]
  Objective range  [8e-01, 1e+00]
  Bounds range     [1e+00, 8e+01]
  RHS range        [1e+00, 6e+02]

Presolve removed 39083 rows and 28208 columns
Presolve time: 0.67s
Presolved: 42093 rows, 26664 columns, 156786 nonzeros
Variable types: 41 continuous, 26623 integer (26623 binary)
Deterministic concurrent LP optimizer: primal and dual simplex
Showing primal log only...

Concurrent spin time: 0.00s

Solved with dual simplex

Use crossover to convert LP symmetric solution to basic solution...
Crossover time: 0.03 seconds (0.02 work units)

Root relaxation: objective 1.804760e+03, 100 iterations, 0.16 seconds (0.15 work units)

    Nodes    |    Current Node    |     Objective Bounds      |     Work
 Expl Unexpl |  Obj  Depth IntInf | Incumbent    BestBd   Gap | It/Node Time

     0     0 1804.76000    0   71          - 1804.76000      -     -    1s
     0     0 1804.76000    0   78          - 1804.76000      -     -    1s
     0     0 1804.76000    0  100          - 1804.76000      -     -    2s
     0     0 1804.76000    0  119          - 1804.76000      -     -    2s
     0     0 1804.76000    0   97          - 1804.76000      -     -    2s
     0     0 1804.76000    0   99          - 1804.76000      -     -    2s
     0     0 1804.76000    0   56          - 1804.76000      -     -    3s
     0     0 1804.76000    0   50          - 1804.76000      -     -    3s
     0     0 1804.76000    0  114          - 1804.76000      -     -    3s
     0     0 1804.76000    0   52          - 1804.76000      -     -    4s
     0     0 1804.76000    0   53          - 1804.76000      -     -    4s
     0     0 1804.76000    0   82          - 1804.76000      -     -    5s
     0     0 1804.76000    0   82          - 1804.76000      -     -    5s
     0     0 1804.76000    0   88          - 1804.76000      -     -    5s
     0     0 1804.76000    0   97          - 1804.76000      -     -    5s
     0     0 1804.76000    0   40          - 1804.76000      -     -    6s
     0     0 1804.76000    0   38          - 1804.76000      -     -    6s
     0     0 1804.76000    0   77          - 1804.76000      -     -    6s
     0     0 1804.76000    0   56          - 1804.76000      -     -    7s
     0     0 1804.76000    0   83          - 1804.76000      -     -    7s
     0     0 1804.76000    0   95          - 1804.76000      -     -    7s
     0     0 1804.76000    0   37          - 1804.76000      -     -    8s
     0     0 1804.76000    0   70          - 1804.76000      -     -    8s
     0     0 1804.76000    0  100          - 1804.76000      -     -    8s
     0     0 1804.76000    0   36          - 1804.76000      -     -    8s
     0     0 1804.76000    0   36          - 1804.76000      -     -    8s
     0     0 1804.76000    0   36          - 1804.76000      -     -    8s
     0     2 1804.76000    0   27          - 1804.76000      -     -    9s
    35    84 1804.76000    8   68          - 1804.76000      -  39.3   10s
  1691   929 1804.76000   39   85          - 1804.76000      -  16.2   15s
  1705   939 1809.07400   58   62          - 1804.76000      -  17.2   20s
  1744   987 1804.76000   35   41          - 1804.76000      -  32.2   25s
  2182  1233 1804.76000   67   42          - 1804.76000      -  32.5   31s
  2648  1346 1804.76000   69   54          - 1804.76000      -  30.7   36s
  3114  1387 1804.76000   72   61          - 1804.76000      -  29.1   40s
  3725  1444 infeasible   85               - 1804.76000      -  28.3   45s
  4130  1539 1804.76000   61   58          - 1804.76000      -  28.3   51s
  4578  1667 1806.85000   91   22          - 1804.76000      -  27.8   55s
  5076  1802 infeasible   62               - 1804.76000      -  27.6   61s
  5382  1940 1808.45100   48   46          - 1804.76000      -  27.6   66s
  5733  2186 1810.90400   84   32          - 1804.76000      -  27.5   71s
  6088  2354 1804.76000   60   77          - 1804.76000      -  27.6   75s
  6811  2589 infeasible   81               - 1804.76000      -  28.1   82s
  6824  2620 1804.76000   80   42          - 1804.76000      -  28.2   86s
  7079  2741 1804.76000   76   54          - 1804.76000      -  28.4   90s
  7544  3000 1805.09400   74   49          - 1804.76000      -  28.5   97s
  7863  3045 1804.76000   74   46          - 1804.76000      -  28.4  100s
  8301  3276 infeasible   86               - 1804.76000      -  28.3  106s
  8953  3516 1810.43000   85   19          - 1804.76000      -  28.4  112s
  9145  3637 infeasible   84               - 1804.76000      -  28.3  115s
  9893  3861 infeasible   78               - 1804.76000      -  28.5  121s
 10084  3985 1804.76000   68   46          - 1804.76000      -  28.5  125s
 10992  4359 infeasible   80               - 1804.76000      -  28.5  132s
 11374  4505 1805.77800   79   61          - 1804.76000      -  28.4  135s
 12048  4838 1807.35500   70   54          - 1804.76000      -  28.4  142s
 12435  5020 1805.69800   58   34          - 1804.76000      -  28.3  147s
 12897  5164 infeasible   77               - 1804.76000      -  28.3  150s
 13670  5384 infeasible   75               - 1804.76000      -  28.3  157s
 13849  5588 1805.77800   75   61          - 1804.76000      -  28.3  161s
 14331  5738 infeasible   93               - 1804.76000      -  28.3  165s
 15205  5983 1806.10100   58   48          - 1804.76000      -  28.4  171s
 15210  6057 infeasible   59               - 1804.76000      -  28.4  175s
 15582  6320 1811.29300   60   34          - 1804.76000      -  28.5  182s
 16033  6552 infeasible   63               - 1804.76000      -  28.6  186s
 16549  6706 1804.76000   44   52          - 1804.76000      -  28.4  190s
 17307  7201 1806.74500   64   35          - 1804.76000      -  28.3  198s
 17782  7290 infeasible   61               - 1804.76000      -  28.3  201s
 18052  7454 1806.16800   74   50          - 1804.76000      -  28.3  205s
 18943  7786 1809.41000   93   18          - 1804.76000      -  28.5  212s
 19246  7972 infeasible   69               - 1804.76000      -  28.5  216s
 19666  8201 1804.76000   41   65          - 1804.76000      -  28.7  220s
 20414  8549 1804.76000   57   56          - 1804.76000      -  28.7  227s
 20847  8680 infeasible   66               - 1804.76000      -  28.8  250s
 21178  8870 1807.70100   68   56          - 1804.76000      -  28.8  255s
 22279  9206 1804.94400   53   41          - 1804.76000      -  29.1  263s
 22626  9352 1808.29100   58   42          - 1804.76000      -  29.0  266s
 23064  9433 infeasible   62               - 1804.76000      -  29.1  270s
 23835  9594 infeasible   64               - 1804.76000      -  29.2  278s
 23842  9599 infeasible   64               - 1804.76000      -  29.2  282s
 23863  9698 1804.76000   62   48          - 1804.76000      -  29.2  286s
 24206  9823 1805.82300   65   22          - 1804.76000      -  29.3  290s
 25127 10101 1808.92100   72   50          - 1804.76000      -  29.3  297s
 25501 10191 1808.99400   52   46          - 1804.76000      -  29.4  300s

Cutting planes:
  Cover: 1
  Flow cover: 46
  RLT: 5
  Relax-and-lift: 1

Explored 25815 nodes (784694 simplex iterations) in 300.05 seconds (277.13 work units)
Thread count was 8 (of 8 available processors)

Solution count 0

Time limit reached
Best objective -, best bound 1.804760000000e+03, gap -

Gurobi 13.0.1 (win64) logging started Sun Feb  8 21:40:54 2026

Set parameter LogFile to value "logs\scn_many-medium_seed1_P5_pl20__soft12__base.gurobi.log"
Gurobi Optimizer version 13.0.1 build v13.0.1rc0 (win64 - Windows 11+.0 (26200.2))

CPU model: 11th Gen Intel(R) Core(TM) i7-11370H @ 3.30GHz, instruction set [SSE2|AVX|AVX2|AVX512]
Thread count: 4 physical cores, 8 logical processors, using up to 8 threads

Non-default parameters:
TimeLimit  300
MIPGap  0.02

Optimize a model with 81176 rows, 54872 columns and 307476 nonzeros (Min)
Model fingerprint: 0x23902524
Model has 36982 linear objective coefficients
Variable types: 507 continuous, 54365 integer (54365 binary)
Coefficient statistics:
  Matrix range     [5e-02, 2e+02]
  Objective range  [8e-01, 1e+00]
  Bounds range     [1e+00, 8e+01]
  RHS range        [1e+00, 6e+02]

Presolve removed 39083 rows and 28208 columns
Presolve time: 1.41s
Presolved: 42093 rows, 26664 columns, 156786 nonzeros
Variable types: 41 continuous, 26623 integer (26623 binary)
Deterministic concurrent LP optimizer: primal and dual simplex
Showing primal log only...

Concurrent spin time: 0.00s

Solved with dual simplex

Use crossover to convert LP symmetric solution to basic solution...
Crossover time: 0.06 seconds (0.02 work units)

Root relaxation: objective 1.804760e+03, 100 iterations, 0.26 seconds (0.15 work units)

    Nodes    |    Current Node    |     Objective Bounds      |     Work
 Expl Unexpl |  Obj  Depth IntInf | Incumbent    BestBd   Gap | It/Node Time

     0     0 1804.76000    0   71          - 1804.76000      -     -    2s
     0     0 1804.76000    0   78          - 1804.76000      -     -    3s
     0     0 1804.76000    0  100          - 1804.76000      -     -    3s
     0     0 1804.76000    0  119          - 1804.76000      -     -    4s
     0     0 1804.76000    0   97          - 1804.76000      -     -    4s
     0     0 1804.76000    0   99          - 1804.76000      -     -    4s
     0     0 1804.76000    0   56          - 1804.76000      -     -    5s
     0     0 1804.76000    0   50          - 1804.76000      -     -    6s
     0     0 1804.76000    0  114          - 1804.76000      -     -    6s
     0     0 1804.76000    0   52          - 1804.76000      -     -    7s
     0     0 1804.76000    0   53          - 1804.76000      -     -    7s
     0     0 1804.76000    0   82          - 1804.76000      -     -    7s
     0     0 1804.76000    0   82          - 1804.76000      -     -    8s
     0     0 1804.76000    0   88          - 1804.76000      -     -    8s
     0     0 1804.76000    0   97          - 1804.76000      -     -    8s
     0     0 1804.76000    0   40          - 1804.76000      -     -    9s
     0     0 1804.76000    0   38          - 1804.76000      -     -    9s
     0     0 1804.76000    0   77          - 1804.76000      -     -    9s
     0     0 1804.76000    0   56          - 1804.76000      -     -   10s
     0     0 1804.76000    0   83          - 1804.76000      -     -   10s
     0     0 1804.76000    0   95          - 1804.76000      -     -   10s
     0     0 1804.76000    0   37          - 1804.76000      -     -   11s
     0     0 1804.76000    0   70          - 1804.76000      -     -   12s
     0     0 1804.76000    0  100          - 1804.76000      -     -   12s
     0     0 1804.76000    0   36          - 1804.76000      -     -   12s
     0     0 1804.76000    0   36          - 1804.76000      -     -   12s
     0     0 1804.76000    0   36          - 1804.76000      -     -   13s
     0     2 1804.76000    0   27          - 1804.76000      -     -   14s
    11    36 1804.76000    4   58          - 1804.76000      -  70.9   15s
  1467   925 1804.76000   10  100          - 1804.76000      -  16.8   20s
  1699   935 1804.76000   23   76          - 1804.76000      -  17.3   25s
  1705   939 1809.07400   58   62          - 1804.76000      -  17.2   30s
  1714   945 1808.22500   61   39          - 1804.76000      -  17.1   35s
  1810  1076 1804.76000   42   63          - 1804.76000      -  32.5   40s
  2182  1233 1804.76000   67   42          - 1804.76000      -  32.5   47s
  2399  1282 1804.76000   75   41          - 1804.76000      -  31.6   50s
  2893  1361 1806.16800   86   30          - 1804.76000      -  29.7   56s
  3285  1440 1804.76000   76   61          - 1804.76000      -  28.9   62s
  3725  1444 infeasible   85               - 1804.76000      -  28.3   67s
  3870  1455 1811.14400   89   34          - 1804.76000      -  28.4   70s
  4130  1539 1804.76000   61   58          - 1804.76000      -  28.3   75s
  4578  1667 1806.85000   91   22          - 1804.76000      -  27.8   81s
  4919  1754 1805.77800   55   35          - 1804.76000      -  27.7   85s
  5382  1940 1808.45100   48   46          - 1804.76000      -  27.6   90s
  5992  2236 1804.76000   59   82          - 1804.76000      -  27.5   95s
  6568  2588 infeasible   71               - 1804.76000      -  28.0  100s
  6889  2676 infeasible   84               - 1804.76000      -  28.2  106s
  7260  2877 1805.72300   78   45          - 1804.76000      -  28.6  110s
  7863  3045 1804.76000   74   46          - 1804.76000      -  28.4  115s
  8301  3276 infeasible   86               - 1804.76000      -  28.3  120s
  8953  3516 1810.43000   85   19          - 1804.76000      -  28.4  125s
  9496  3800 1806.53000   72   33          - 1804.76000      -  28.5  131s
 10084  3985 1804.76000   68   46          - 1804.76000      -  28.5  137s
 10504  4179 1804.76000   71   48          - 1804.76000      -  28.5  141s
 11374  4505 1805.77800   79   61          - 1804.76000      -  28.4  147s
 11682  4647 1805.24300   65   67          - 1804.76000      -  28.3  150s
 12435  5020 1805.69800   58   34          - 1804.76000      -  28.3  157s
 12897  5164 infeasible   77               - 1804.76000      -  28.3  161s
 13670  5384 infeasible   75               - 1804.76000      -  28.3  167s
 13849  5588 1805.77800   75   61          - 1804.76000      -  28.3  171s
 14331  5738 infeasible   93               - 1804.76000      -  28.3  175s
 15205  5983 1806.10100   58   48          - 1804.76000      -  28.4  182s
 15210  6057 infeasible   59               - 1804.76000      -  28.4  185s
 15582  6320 1811.29300   60   34          - 1804.76000      -  28.5  192s
 16033  6552 infeasible   63               - 1804.76000      -  28.6  196s
 16827  6968 1810.46400   63   22          - 1804.76000      -  28.3  203s
 17307  7201 1806.74500   64   35          - 1804.76000      -  28.3  207s
 17782  7290 infeasible   61               - 1804.76000      -  28.3  210s
 18504  7677 1809.06100   78   66          - 1804.76000      -  28.4  217s
 18943  7786 1809.41000   93   18          - 1804.76000      -  28.5  221s
 19666  8201 1804.76000   41   65          - 1804.76000      -  28.7  228s
 20097  8320 1805.61500   52   51          - 1804.76000      -  28.7  231s
 20414  8549 1804.76000   57   56          - 1804.76000      -  28.7  235s
 20847  8680 infeasible   66               - 1804.76000      -  28.8  257s
 21178  8870 1807.70100   68   56          - 1804.76000      -  28.8  262s
 21770  9043 1809.73100   76   59          - 1804.76000      -  29.0  267s
 22279  9206 1804.94400   53   41          - 1804.76000      -  29.1  270s
 22626  9352 1808.29100   58   42          - 1804.76000      -  29.0  275s
 23313  9593 1804.76000   72   57          - 1804.76000      -  29.2  281s
 23835  9594 infeasible   64               - 1804.76000      -  29.2  285s
 23842  9599 infeasible   64               - 1804.76000      -  29.2  290s
 24206  9823 1805.82300   65   22          - 1804.76000      -  29.3  297s
 24729  9920 1806.70400   56   33          - 1804.76000      -  29.3  300s

Cutting planes:
  Cover: 1
  Flow cover: 42
  RLT: 4
  Relax-and-lift: 1

Explored 24990 nodes (756310 simplex iterations) in 300.04 seconds (270.04 work units)
Thread count was 8 (of 8 available processors)

Solution count 0

Time limit reached
Best objective -, best bound 1.804760000000e+03, gap -

Gurobi 13.0.1 (win64) logging started Sun Feb  8 21:47:18 2026

Set parameter LogFile to value "logs\scn_many-medium_seed1_P5_pl20__soft12__base.gurobi.log"
Gurobi Optimizer version 13.0.1 build v13.0.1rc0 (win64 - Windows 11+.0 (26200.2))

CPU model: 11th Gen Intel(R) Core(TM) i7-11370H @ 3.30GHz, instruction set [SSE2|AVX|AVX2|AVX512]
Thread count: 4 physical cores, 8 logical processors, using up to 8 threads

Non-default parameters:
TimeLimit  300
MIPGap  0.02

Optimize a model with 81176 rows, 54872 columns and 307476 nonzeros (Min)
Model fingerprint: 0x23902524
Model has 36982 linear objective coefficients
Variable types: 507 continuous, 54365 integer (54365 binary)
Coefficient statistics:
  Matrix range     [5e-02, 2e+02]
  Objective range  [8e-01, 1e+00]
  Bounds range     [1e+00, 8e+01]
  RHS range        [1e+00, 6e+02]

Presolve removed 39083 rows and 28208 columns
Presolve time: 1.47s
Presolved: 42093 rows, 26664 columns, 156786 nonzeros
Variable types: 41 continuous, 26623 integer (26623 binary)
Deterministic concurrent LP optimizer: primal and dual simplex
Showing primal log only...

Concurrent spin time: 0.00s

Solved with dual simplex

Use crossover to convert LP symmetric solution to basic solution...
Crossover time: 0.05 seconds (0.02 work units)

Root relaxation: objective 1.804760e+03, 100 iterations, 0.23 seconds (0.15 work units)

    Nodes    |    Current Node    |     Objective Bounds      |     Work
 Expl Unexpl |  Obj  Depth IntInf | Incumbent    BestBd   Gap | It/Node Time

     0     0 1804.76000    0   71          - 1804.76000      -     -    2s
     0     0 1804.76000    0   78          - 1804.76000      -     -    3s
     0     0 1804.76000    0  100          - 1804.76000      -     -    3s
     0     0 1804.76000    0  119          - 1804.76000      -     -    4s
     0     0 1804.76000    0   97          - 1804.76000      -     -    4s
     0     0 1804.76000    0   99          - 1804.76000      -     -    4s
     0     0 1804.76000    0   56          - 1804.76000      -     -    4s
     0     0 1804.76000    0   50          - 1804.76000      -     -    5s
     0     0 1804.76000    0  114          - 1804.76000      -     -    5s
     0     0 1804.76000    0   52          - 1804.76000      -     -    6s
     0     0 1804.76000    0   53          - 1804.76000      -     -    6s
     0     0 1804.76000    0   82          - 1804.76000      -     -    6s
     0     0 1804.76000    0   82          - 1804.76000      -     -    7s
     0     0 1804.76000    0   88          - 1804.76000      -     -    7s
     0     0 1804.76000    0   97          - 1804.76000      -     -    8s
     0     0 1804.76000    0   40          - 1804.76000      -     -    8s
     0     0 1804.76000    0   38          - 1804.76000      -     -    9s
     0     0 1804.76000    0   77          - 1804.76000      -     -    9s
     0     0 1804.76000    0   56          - 1804.76000      -     -   10s
     0     0 1804.76000    0   83          - 1804.76000      -     -   11s
     0     0 1804.76000    0   95          - 1804.76000      -     -   11s
     0     0 1804.76000    0   37          - 1804.76000      -     -   12s
     0     0 1804.76000    0   70          - 1804.76000      -     -   12s
     0     0 1804.76000    0  100          - 1804.76000      -     -   12s
     0     0 1804.76000    0   36          - 1804.76000      -     -   13s
     0     0 1804.76000    0   36          - 1804.76000      -     -   13s
     0     0 1804.76000    0   36          - 1804.76000      -     -   13s
     0     2 1804.76000    0   27          - 1804.76000      -     -   14s
     7    12 1804.76000    3   51          - 1804.76000      -  94.4   15s
  1467   925 1804.76000   10  100          - 1804.76000      -  16.8   20s
  1700   936 1804.76000   16   74          - 1804.76000      -  17.3   25s
  1707   941 1808.44300   83   32          - 1804.76000      -  17.2   30s
  1717   947 1804.76000   32   22          - 1804.76000      -  17.1   35s
  2011  1161 1804.76000   46   49          - 1804.76000      -  32.8   41s
  2399  1282 1804.76000   75   41          - 1804.76000      -  31.6   50s
  2893  1361 1806.16800   86   30          - 1804.76000      -  29.7   58s
  3114  1387 1804.76000   72   61          - 1804.76000      -  29.1   61s
  3519  1462 1805.99400   77   55          - 1804.76000      -  28.7   67s
  3725  1444 infeasible   85               - 1804.76000      -  28.3   70s
  4023  1455 1804.76000   68   54          - 1804.76000      -  28.3   76s
  4298  1593 1806.14400   81   44          - 1804.76000      -  28.0   81s
  4837  1711 1805.69800   51   47          - 1804.76000      -  27.6   86s
  5076  1802 infeasible   62               - 1804.76000      -  27.6   91s
  5382  1940 1808.45100   48   46          - 1804.76000      -  27.6   96s
  5733  2186 1810.90400   84   32          - 1804.76000      -  27.5  105s
  6088  2354 1804.76000   60   77          - 1804.76000      -  27.6  112s
  6321  2467 infeasible   82               - 1804.76000      -  27.9  116s
  6811  2589 infeasible   81               - 1804.76000      -  28.1  121s
  6824  2620 1804.76000   80   42          - 1804.76000      -  28.2  125s
  7079  2741 1804.76000   76   54          - 1804.76000      -  28.4  130s
  7863  3045 1804.76000   74   46          - 1804.76000      -  28.4  137s
  8301  3276 infeasible   86               - 1804.76000      -  28.3  142s
  8603  3446 infeasible   68               - 1804.76000      -  28.4  145s
  9145  3637 infeasible   84               - 1804.76000      -  28.3  152s
  9496  3800 1806.53000   72   33          - 1804.76000      -  28.5  155s
 10084  3985 1804.76000   68   46          - 1804.76000      -  28.5  164s
 10504  4179 1804.76000   71   48          - 1804.76000      -  28.5  169s
 10992  4359 infeasible   80               - 1804.76000      -  28.5  173s
 11374  4505 1805.77800   79   61          - 1804.76000      -  28.4  178s
 11682  4647 1805.24300   65   67          - 1804.76000      -  28.3  183s
 12048  4838 1807.35500   70   54          - 1804.76000      -  28.4  189s
 12435  5020 1805.69800   58   34          - 1804.76000      -  28.3  196s
 12897  5164 infeasible   77               - 1804.76000      -  28.3  201s
 13225  5301 infeasible   77               - 1804.76000      -  28.3  206s
 13670  5384 infeasible   75               - 1804.76000      -  28.3  210s
 14331  5738 infeasible   93               - 1804.76000      -  28.3  219s
 14779  5980 1804.76000   56   49          - 1804.76000      -  28.3  224s
 15205  5983 1806.10100   58   48          - 1804.76000      -  28.4  228s
 15210  6057 infeasible   59               - 1804.76000      -  28.4  232s
 15366  6137 infeasible   59               - 1804.76000      -  28.4  236s
 15582  6320 1811.29300   60   34          - 1804.76000      -  28.5  242s
 16033  6552 infeasible   63               - 1804.76000      -  28.6  247s
 16549  6706 1804.76000   44   52          - 1804.76000      -  28.4  251s
 16827  6968 1810.46400   63   22          - 1804.76000      -  28.3  256s
 17307  7201 1806.74500   64   35          - 1804.76000      -  28.3  261s
 17782  7290 infeasible   61               - 1804.76000      -  28.3  266s
 18052  7454 1806.16800   74   50          - 1804.76000      -  28.3  272s
 18504  7677 1809.06100   78   66          - 1804.76000      -  28.4  277s
 18943  7786 1809.41000   93   18          - 1804.76000      -  28.5  281s
 19246  7972 infeasible   69               - 1804.76000      -  28.5  286s
 19666  8201 1804.76000   41   65          - 1804.76000      -  28.7  295s
 20097  8259 1805.61500   52   51          - 1804.76000      -  28.7  300s

Cutting planes:
  RLT: 1
  Relax-and-lift: 1

Explored 20217 nodes (605105 simplex iterations) in 300.04 seconds (205.94 work units)
Thread count was 8 (of 8 available processors)

Solution count 0

Time limit reached
Best objective -, best bound 1.804760000000e+03, gap -
